Mon May  1 08:03:50 PM UTC 2023
safer
1: lo: <LOOPBACK,UP,LOWER_UP> mtu 65536 qdisc noqueue state UNKNOWN group default qlen 1000
    link/loopback 00:00:00:00:00:00 brd 00:00:00:00:00:00
    inet 127.0.0.1/8 scope host lo
       valid_lft forever preferred_lft forever
    inet6 ::1/128 scope host 
       valid_lft forever preferred_lft forever
2: ens18: <BROADCAST,MULTICAST,UP,LOWER_UP> mtu 1500 qdisc fq_codel state UP group default qlen 1000
    link/ether 76:11:aa:f6:73:9c brd ff:ff:ff:ff:ff:ff
    altname enp0s18
    inet 172.16.103.31/22 metric 100 brd 172.16.103.255 scope global dynamic ens18
       valid_lft 6963sec preferred_lft 6963sec
    inet6 fe80::7411:aaff:fef6:739c/64 scope link 
       valid_lft forever preferred_lft forever
root
kiro     pts/0        172.16.103.32    Mon May  1 20:00   still logged in
reboot   system boot  5.15.0-71-generi Mon May  1 19:59   still running
kiro     pts/0        172.16.103.32    Mon May  1 19:56 - 19:59  (00:03)
reboot   system boot  5.15.0-71-generi Mon May  1 19:55 - 19:59  (00:03)
kiro     pts/0        172.16.103.32    Mon May  1 19:39 - 19:55  (00:16)
kiro     tty1                          Mon May  1 19:34 - down   (00:21)
reboot   system boot  5.15.0-71-generi Mon May  1 19:27 - 19:55  (00:27)
kiro     tty1                          Mon May  1 18:33 - down   (00:24)
reboot   system boot  5.15.0-71-generi Mon May  1 18:20 - 18:57  (00:37)
reboot   system boot  5.15.0-71-generi Mon May  1 18:08 - 18:11  (00:03)
kiro     tty1                          Mon May  1 18:06 - down   (00:00)
reboot   system boot  5.15.0-71-generi Mon May  1 18:06 - 18:07  (00:01)
kiro     tty1                          Mon May  1 17:56 - down   (00:09)
reboot   system boot  5.15.0-71-generi Mon May  1 17:54 - 18:05  (00:10)
kiro     tty1                          Fri Apr 28 06:56 - down  (3+10:58)
reboot   system boot  5.15.0-71-generi Fri Apr 28 06:55 - 17:54 (3+10:58)
kiro     tty1                          Fri Apr 28 06:46 - down   (00:08)
reboot   system boot  5.15.0-71-generi Fri Apr 28 06:44 - 06:55  (00:10)
reboot   system boot  5.15.0-71-generi Thu Apr 27 19:41 - 06:55  (11:13)

wtmp begins Thu Apr 27 19:41:55 2023
uuidd:x:108:114::/run/uuidd:/usr/sbin/nologin
tcpdump:x:109:115::/nonexistent:/usr/sbin/nologin
tss:x:110:116:TPM software stack,,,:/var/lib/tpm:/bin/false
landscape:x:111:117::/var/lib/landscape:/usr/sbin/nologin
usbmux:x:112:46:usbmux daemon,,,:/var/lib/usbmux:/usr/sbin/nologin
kiro:x:1000:1000:kiro:/home/kiro:/bin/bash
lxd:x:999:100::/var/snap/lxd/common/lxd:/bin/false
fwupd-refresh:x:113:118:fwupd-refresh user,,,:/run/systemd:/usr/sbin/nologin
mysql:x:114:119:MySQL Server,,,:/nonexistent:/bin/false
postfix:x:115:121::/var/spool/postfix:/usr/sbin/nologin
Linux safer 5.15.0-71-generic #78-Ubuntu SMP Tue Apr 18 09:00:29 UTC 2023 x86_64 x86_64 x86_64 GNU/Linux
Distributor ID:	Ubuntu
Description:	Ubuntu 22.04.2 LTS
Release:	22.04
Codename:	jammy
[    0.000000] Linux version 5.15.0-71-generic (buildd@lcy02-amd64-044) (gcc (Ubuntu 11.3.0-1ubuntu1~22.04.1) 11.3.0, GNU ld (GNU Binutils for Ubuntu) 2.38) #78-Ubuntu SMP Tue Apr 18 09:00:29 UTC 2023 (Ubuntu 5.15.0-71.78-generic 5.15.92)
[    0.000000] Command line: BOOT_IMAGE=/vmlinuz-5.15.0-71-generic root=/dev/mapper/ubuntu--vg-ubuntu--lv ro
[    0.000000] KERNEL supported cpus:
[    0.000000]   Intel GenuineIntel
[    0.000000]   AMD AuthenticAMD
[    0.000000]   Hygon HygonGenuine
[    0.000000]   Centaur CentaurHauls
[    0.000000]   zhaoxin   Shanghai  
[    0.000000] x86/fpu: x87 FPU will use FXSAVE
[    0.000000] signal: max sigframe size: 1440
[    0.000000] BIOS-provided physical RAM map:
[    0.000000] BIOS-e820: [mem 0x0000000000000000-0x000000000009fbff] usable
[    0.000000] BIOS-e820: [mem 0x000000000009fc00-0x000000000009ffff] reserved
[    0.000000] BIOS-e820: [mem 0x00000000000f0000-0x00000000000fffff] reserved
[    0.000000] BIOS-e820: [mem 0x0000000000100000-0x000000007ffd9fff] usable
[    0.000000] BIOS-e820: [mem 0x000000007ffda000-0x000000007fffffff] reserved
[    0.000000] BIOS-e820: [mem 0x00000000feffc000-0x00000000feffffff] reserved
[    0.000000] BIOS-e820: [mem 0x00000000fffc0000-0x00000000ffffffff] reserved
[    0.000000] NX (Execute Disable) protection: active
[    0.000000] SMBIOS 2.8 present.
[    0.000000] DMI: QEMU Standard PC (i440FX + PIIX, 1996), BIOS rel-1.16.1-0-g3208b098f51a-prebuilt.qemu.org 04/01/2014
[    0.000000] Hypervisor detected: KVM
[    0.000000] kvm-clock: Using msrs 4b564d01 and 4b564d00
[    0.000000] kvm-clock: cpu 0, msr 70801001, primary cpu clock
[    0.000004] kvm-clock: using sched offset of 1924373543125 cycles
[    0.000013] clocksource: kvm-clock: mask: 0xffffffffffffffff max_cycles: 0x1cd42e4dffb, max_idle_ns: 881590591483 ns
[    0.000020] tsc: Detected 2599.998 MHz processor
[    0.001200] e820: update [mem 0x00000000-0x00000fff] usable ==> reserved
[    0.001204] e820: remove [mem 0x000a0000-0x000fffff] usable
[    0.001214] last_pfn = 0x7ffda max_arch_pfn = 0x400000000
[    0.001266] x86/PAT: Configuration [0-7]: WB  WC  UC- UC  WB  WC  UC- UC  
[    0.012484] found SMP MP-table at [mem 0x000f5bd0-0x000f5bdf]
[    0.012893] RAMDISK: [mem 0x2ad13000-0x31680fff]
[    0.012942] ACPI: Early table checksum verification disabled
[    0.012974] ACPI: RSDP 0x00000000000F59F0 000014 (v00 BOCHS )
[    0.012985] ACPI: RSDT 0x000000007FFE2EF5 000038 (v01 BOCHS  BXPC     00000001 BXPC 00000001)
[    0.013005] ACPI: FACP 0x000000007FFE2CDF 000074 (v01 BOCHS  BXPC     00000001 BXPC 00000001)
[    0.013015] ACPI: DSDT 0x000000007FFDF040 003C9F (v01 BOCHS  BXPC     00000001 BXPC 00000001)
[    0.013021] ACPI: FACS 0x000000007FFDF000 000040
[    0.013027] ACPI: APIC 0x000000007FFE2D53 000078 (v01 BOCHS  BXPC     00000001 BXPC 00000001)
[    0.013033] ACPI: SSDT 0x000000007FFE2DCB 0000CA (v01 BOCHS  VMGENID  00000001 BXPC 00000001)
[    0.013038] ACPI: HPET 0x000000007FFE2E95 000038 (v01 BOCHS  BXPC     00000001 BXPC 00000001)
[    0.013044] ACPI: WAET 0x000000007FFE2ECD 000028 (v01 BOCHS  BXPC     00000001 BXPC 00000001)
[    0.013049] ACPI: Reserving FACP table memory at [mem 0x7ffe2cdf-0x7ffe2d52]
[    0.013051] ACPI: Reserving DSDT table memory at [mem 0x7ffdf040-0x7ffe2cde]
[    0.013052] ACPI: Reserving FACS table memory at [mem 0x7ffdf000-0x7ffdf03f]
[    0.013053] ACPI: Reserving APIC table memory at [mem 0x7ffe2d53-0x7ffe2dca]
[    0.013055] ACPI: Reserving SSDT table memory at [mem 0x7ffe2dcb-0x7ffe2e94]
[    0.013056] ACPI: Reserving HPET table memory at [mem 0x7ffe2e95-0x7ffe2ecc]
[    0.013057] ACPI: Reserving WAET table memory at [mem 0x7ffe2ecd-0x7ffe2ef4]
[    0.013584] No NUMA configuration found
[    0.013587] Faking a node at [mem 0x0000000000000000-0x000000007ffd9fff]
[    0.013601] NODE_DATA(0) allocated [mem 0x7ffb0000-0x7ffd9fff]
[    0.014110] Zone ranges:
[    0.014113]   DMA      [mem 0x0000000000001000-0x0000000000ffffff]
[    0.014115]   DMA32    [mem 0x0000000001000000-0x000000007ffd9fff]
[    0.014117]   Normal   empty
[    0.014119]   Device   empty
[    0.014120] Movable zone start for each node
[    0.014123] Early memory node ranges
[    0.014124]   node   0: [mem 0x0000000000001000-0x000000000009efff]
[    0.014126]   node   0: [mem 0x0000000000100000-0x000000007ffd9fff]
[    0.014128] Initmem setup node 0 [mem 0x0000000000001000-0x000000007ffd9fff]
[    0.014148] On node 0, zone DMA: 1 pages in unavailable ranges
[    0.014230] On node 0, zone DMA: 97 pages in unavailable ranges
[    0.020905] On node 0, zone DMA32: 38 pages in unavailable ranges
[    0.022581] ACPI: PM-Timer IO Port: 0x608
[    0.022613] ACPI: LAPIC_NMI (acpi_id[0xff] dfl dfl lint[0x1])
[    0.022671] IOAPIC[0]: apic_id 0, version 17, address 0xfec00000, GSI 0-23
[    0.022677] ACPI: INT_SRC_OVR (bus 0 bus_irq 0 global_irq 2 dfl dfl)
[    0.022680] ACPI: INT_SRC_OVR (bus 0 bus_irq 5 global_irq 5 high level)
[    0.022682] ACPI: INT_SRC_OVR (bus 0 bus_irq 9 global_irq 9 high level)
[    0.022687] ACPI: INT_SRC_OVR (bus 0 bus_irq 10 global_irq 10 high level)
[    0.022689] ACPI: INT_SRC_OVR (bus 0 bus_irq 11 global_irq 11 high level)
[    0.022694] ACPI: Using ACPI (MADT) for SMP configuration information
[    0.022697] ACPI: HPET id: 0x8086a201 base: 0xfed00000
[    0.022719] smpboot: Allowing 1 CPUs, 0 hotplug CPUs
[    0.022786] PM: hibernation: Registered nosave memory: [mem 0x00000000-0x00000fff]
[    0.022789] PM: hibernation: Registered nosave memory: [mem 0x0009f000-0x0009ffff]
[    0.022791] PM: hibernation: Registered nosave memory: [mem 0x000a0000-0x000effff]
[    0.022792] PM: hibernation: Registered nosave memory: [mem 0x000f0000-0x000fffff]
[    0.022795] [mem 0x80000000-0xfeffbfff] available for PCI devices
[    0.022797] Booting paravirtualized kernel on KVM
[    0.022815] clocksource: refined-jiffies: mask: 0xffffffff max_cycles: 0xffffffff, max_idle_ns: 7645519600211568 ns
[    0.022839] setup_percpu: NR_CPUS:8192 nr_cpumask_bits:1 nr_cpu_ids:1 nr_node_ids:1
[    0.023266] percpu: Embedded 60 pages/cpu s208896 r8192 d28672 u2097152
[    0.023280] pcpu-alloc: s208896 r8192 d28672 u2097152 alloc=1*2097152
[    0.023283] pcpu-alloc: [0] 0 
[    0.023316] kvm-guest: stealtime: cpu 0, msr 7dc32080
[    0.023323] kvm-guest: PV spinlocks disabled, single CPU
[    0.023352] Built 1 zonelists, mobility grouping on.  Total pages: 515802
[    0.023354] Policy zone: DMA32
[    0.023356] Kernel command line: BOOT_IMAGE=/vmlinuz-5.15.0-71-generic root=/dev/mapper/ubuntu--vg-ubuntu--lv ro
[    0.023401] Unknown kernel command line parameters "BOOT_IMAGE=/vmlinuz-5.15.0-71-generic", will be passed to user space.
[    0.023707] Dentry cache hash table entries: 262144 (order: 9, 2097152 bytes, linear)
[    0.023864] Inode-cache hash table entries: 131072 (order: 8, 1048576 bytes, linear)
[    0.023933] mem auto-init: stack:off, heap alloc:on, heap free:off
[    0.029132] Memory: 1906332K/2096608K available (16393K kernel code, 4383K rwdata, 10840K rodata, 3244K init, 6548K bss, 190016K reserved, 0K cma-reserved)
[    0.029498] SLUB: HWalign=64, Order=0-3, MinObjects=0, CPUs=1, Nodes=1
[    0.029534] Kernel/User page tables isolation: enabled
[    0.029569] ftrace: allocating 50600 entries in 198 pages
[    0.057839] ftrace: allocated 198 pages with 4 groups
[    0.058053] rcu: Hierarchical RCU implementation.
[    0.058056] rcu: 	RCU restricting CPUs from NR_CPUS=8192 to nr_cpu_ids=1.
[    0.058058] 	Rude variant of Tasks RCU enabled.
[    0.058059] 	Tracing variant of Tasks RCU enabled.
[    0.058063] rcu: RCU calculated value of scheduler-enlistment delay is 25 jiffies.
[    0.058065] rcu: Adjusting geometry for rcu_fanout_leaf=16, nr_cpu_ids=1
[    0.062563] NR_IRQS: 524544, nr_irqs: 256, preallocated irqs: 16
[    0.062813] Console: colour dummy device 80x25
[    0.062960] printk: console [tty0] enabled
[    0.062986] ACPI: Core revision 20210730
[    0.063228] clocksource: hpet: mask: 0xffffffff max_cycles: 0xffffffff, max_idle_ns: 19112604467 ns
[    0.063396] APIC: Switch to symmetric I/O mode setup
[    0.063740] x2apic enabled
[    0.064112] Switched APIC routing to physical x2apic.
[    0.065658] ..TIMER: vector=0x30 apic1=0 pin1=2 apic2=-1 pin2=-1
[    0.065698] clocksource: tsc-early: mask: 0xffffffffffffffff max_cycles: 0x257a3a7b45f, max_idle_ns: 440795312762 ns
[    0.065707] Calibrating delay loop (skipped) preset value.. 5199.99 BogoMIPS (lpj=10399992)
[    0.065712] pid_max: default: 32768 minimum: 301
[    0.065780] LSM: Security Framework initializing
[    0.065796] landlock: Up and running.
[    0.065799] Yama: becoming mindful.
[    0.065866] AppArmor: AppArmor initialized
[    0.065939] Mount-cache hash table entries: 4096 (order: 3, 32768 bytes, linear)
[    0.065948] Mountpoint-cache hash table entries: 4096 (order: 3, 32768 bytes, linear)
[    0.066457] Last level iTLB entries: 4KB 0, 2MB 0, 4MB 0
[    0.066462] Last level dTLB entries: 4KB 0, 2MB 0, 4MB 0, 1GB 0
[    0.066468] Spectre V1 : Mitigation: usercopy/swapgs barriers and __user pointer sanitization
[    0.066472] Spectre V2 : Mitigation: Retpolines
[    0.066474] Spectre V2 : Spectre v2 / SpectreRSB mitigation: Filling RSB on context switch
[    0.066476] Spectre V2 : Spectre v2 / SpectreRSB : Filling RSB on VMEXIT
[    0.066479] Speculative Store Bypass: Vulnerable
[    0.066483] MDS: Vulnerable: Clear CPU buffers attempted, no microcode
[    0.066486] MMIO Stale Data: Unknown: No mitigations
[    0.098964] Freeing SMP alternatives memory: 44K
[    0.207315] smpboot: CPU0: Intel Common KVM processor (family: 0xf, model: 0x6, stepping: 0x1)
[    0.207670] Performance Events: unsupported Netburst CPU model 6 no PMU driver, software events only.
[    0.207765] rcu: Hierarchical SRCU implementation.
[    0.208406] NMI watchdog: Perf NMI watchdog permanently disabled
[    0.208472] smp: Bringing up secondary CPUs ...
[    0.208475] smp: Brought up 1 node, 1 CPU
[    0.208478] smpboot: Max logical packages: 1
[    0.208481] smpboot: Total of 1 processors activated (5199.99 BogoMIPS)
[    0.208800] devtmpfs: initialized
[    0.208886] x86/mm: Memory block size: 128MB
[    0.209290] clocksource: jiffies: mask: 0xffffffff max_cycles: 0xffffffff, max_idle_ns: 7645041785100000 ns
[    0.209299] futex hash table entries: 256 (order: 2, 16384 bytes, linear)
[    0.209367] pinctrl core: initialized pinctrl subsystem
[    0.209596] PM: RTC time: 19:59:41, date: 2023-05-01
[    0.209704] NET: Registered PF_NETLINK/PF_ROUTE protocol family
[    0.209704] DMA: preallocated 256 KiB GFP_KERNEL pool for atomic allocations
[    0.209704] DMA: preallocated 256 KiB GFP_KERNEL|GFP_DMA pool for atomic allocations
[    0.209704] DMA: preallocated 256 KiB GFP_KERNEL|GFP_DMA32 pool for atomic allocations
[    0.209704] audit: initializing netlink subsys (disabled)
[    0.209704] thermal_sys: Registered thermal governor 'fair_share'
[    0.209704] thermal_sys: Registered thermal governor 'bang_bang'
[    0.209704] thermal_sys: Registered thermal governor 'step_wise'
[    0.209704] thermal_sys: Registered thermal governor 'user_space'
[    0.209704] thermal_sys: Registered thermal governor 'power_allocator'
[    0.209704] EISA bus registered
[    0.209704] cpuidle: using governor ladder
[    0.209704] cpuidle: using governor menu
[    0.209704] ACPI: bus type PCI registered
[    0.209704] acpiphp: ACPI Hot Plug PCI Controller Driver version: 0.5
[    0.209704] PCI: Using configuration type 1 for base access
[    0.210396] Kprobes globally optimized
[    0.210430] audit: type=2000 audit(1682971181.092:1): state=initialized audit_enabled=0 res=1
[    0.210543] HugeTLB registered 2.00 MiB page size, pre-allocated 0 pages
[    0.211995] fbcon: Taking over console
[    0.212009] ACPI: Added _OSI(Module Device)
[    0.212012] ACPI: Added _OSI(Processor Device)
[    0.212014] ACPI: Added _OSI(3.0 _SCP Extensions)
[    0.212016] ACPI: Added _OSI(Processor Aggregator Device)
[    0.212019] ACPI: Added _OSI(Linux-Dell-Video)
[    0.212021] ACPI: Added _OSI(Linux-Lenovo-NV-HDMI-Audio)
[    0.212023] ACPI: Added _OSI(Linux-HPI-Hybrid-Graphics)
[    0.214930] ACPI: 2 ACPI AML tables successfully acquired and loaded
[    0.215970] ACPI: Interpreter enabled
[    0.215988] ACPI: PM: (supports S0 S3 S4 S5)
[    0.215990] ACPI: Using IOAPIC for interrupt routing
[    0.216004] PCI: Using host bridge windows from ACPI; if necessary, use "pci=nocrs" and report a bug
[    0.216007] PCI: Using E820 reservations for host bridge windows
[    0.216215] ACPI: Enabled 3 GPEs in block 00 to 0F
[    0.223334] ACPI: PCI Root Bridge [PCI0] (domain 0000 [bus 00-ff])
[    0.223344] acpi PNP0A03:00: _OSC: OS supports [ASPM ClockPM Segments MSI EDR HPX-Type3]
[    0.223357] acpi PNP0A03:00: fail to add MMCONFIG information, can't access extended PCI configuration space under this bridge.
[    0.223676] acpiphp: Slot [3] registered
[    0.223708] acpiphp: Slot [4] registered
[    0.223752] acpiphp: Slot [6] registered
[    0.223777] acpiphp: Slot [7] registered
[    0.223802] acpiphp: Slot [8] registered
[    0.223828] acpiphp: Slot [9] registered
[    0.223853] acpiphp: Slot [10] registered
[    0.223878] acpiphp: Slot [11] registered
[    0.223908] acpiphp: Slot [12] registered
[    0.223934] acpiphp: Slot [13] registered
[    0.223960] acpiphp: Slot [14] registered
[    0.223986] acpiphp: Slot [15] registered
[    0.224011] acpiphp: Slot [16] registered
[    0.224036] acpiphp: Slot [17] registered
[    0.224066] acpiphp: Slot [18] registered
[    0.224093] acpiphp: Slot [19] registered
[    0.224119] acpiphp: Slot [20] registered
[    0.224144] acpiphp: Slot [21] registered
[    0.224169] acpiphp: Slot [22] registered
[    0.224194] acpiphp: Slot [23] registered
[    0.224220] acpiphp: Slot [24] registered
[    0.224252] acpiphp: Slot [25] registered
[    0.224279] acpiphp: Slot [26] registered
[    0.224304] acpiphp: Slot [27] registered
[    0.224329] acpiphp: Slot [28] registered
[    0.224354] acpiphp: Slot [29] registered
[    0.224406] PCI host bridge to bus 0000:00
[    0.224411] pci_bus 0000:00: root bus resource [bus 00-ff]
[    0.224414] pci_bus 0000:00: root bus resource [io  0x0000-0x0cf7 window]
[    0.224417] pci_bus 0000:00: root bus resource [io  0x0d00-0xffff window]
[    0.224420] pci_bus 0000:00: root bus resource [mem 0x000a0000-0x000bffff window]
[    0.224423] pci_bus 0000:00: root bus resource [mem 0x80000000-0xfebfffff window]
[    0.224426] pci_bus 0000:00: root bus resource [mem 0x100000000-0x17fffffff window]
[    0.224571] pci 0000:00:00.0: [8086:1237] type 00 class 0x060000
[    0.226498] pci 0000:00:01.0: [8086:7000] type 00 class 0x060100
[    0.228070] pci 0000:00:01.1: [8086:7010] type 00 class 0x010180
[    0.231455] pci 0000:00:01.1: reg 0x20: [io  0xf160-0xf16f]
[    0.232842] pci 0000:00:01.1: legacy IDE quirk: reg 0x10: [io  0x01f0-0x01f7]
[    0.232847] pci 0000:00:01.1: legacy IDE quirk: reg 0x14: [io  0x03f6]
[    0.232850] pci 0000:00:01.1: legacy IDE quirk: reg 0x18: [io  0x0170-0x0177]
[    0.232853] pci 0000:00:01.1: legacy IDE quirk: reg 0x1c: [io  0x0376]
[    0.233129] pci 0000:00:01.2: [8086:7020] type 00 class 0x0c0300
[    0.236759] pci 0000:00:01.2: reg 0x20: [io  0xf140-0xf15f]
[    0.238356] pci 0000:00:01.3: [8086:7113] type 00 class 0x068000
[    0.240082] pci 0000:00:01.3: quirk: [io  0x0600-0x063f] claimed by PIIX4 ACPI
[    0.240100] pci 0000:00:01.3: quirk: [io  0x0700-0x070f] claimed by PIIX4 SMB
[    0.240719] pci 0000:00:02.0: [1234:1111] type 00 class 0x030000
[    0.242250] pci 0000:00:02.0: reg 0x10: [mem 0xfc000000-0xfcffffff pref]
[    0.244376] pci 0000:00:02.0: reg 0x18: [mem 0xfea50000-0xfea50fff]
[    0.249747] pci 0000:00:02.0: reg 0x30: [mem 0xfea40000-0xfea4ffff pref]
[    0.250846] pci 0000:00:02.0: BAR 0: assigned to efifb
[    0.250899] pci 0000:00:02.0: Video device with shadowed ROM at [mem 0x000c0000-0x000dffff]
[    0.252609] pci 0000:00:03.0: [1af4:1002] type 00 class 0x00ff00
[    0.253708] pci 0000:00:03.0: reg 0x10: [io  0xf100-0xf13f]
[    0.256988] pci 0000:00:03.0: reg 0x20: [mem 0xfd600000-0xfd603fff 64bit pref]
[    0.259728] pci 0000:00:05.0: [1b36:0001] type 01 class 0x060400
[    0.261279] pci 0000:00:05.0: reg 0x10: [mem 0xfea51000-0xfea510ff 64bit]
[    0.267778] pci 0000:00:12.0: [10ec:8139] type 00 class 0x020000
[    0.268575] pci 0000:00:12.0: reg 0x10: [io  0xf000-0xf0ff]
[    0.269231] pci 0000:00:12.0: reg 0x14: [mem 0xfea52000-0xfea520ff]
[    0.272717] pci 0000:00:12.0: reg 0x30: [mem 0xfea00000-0xfea3ffff pref]
[    0.277287] pci 0000:00:1e.0: [1b36:0001] type 01 class 0x060400
[    0.278767] pci 0000:00:1e.0: reg 0x10: [mem 0xfea53000-0xfea530ff 64bit]
[    0.281613] pci 0000:00:1f.0: [1b36:0001] type 01 class 0x060400
[    0.282740] pci 0000:00:1f.0: reg 0x10: [mem 0xfea54000-0xfea540ff 64bit]
[    0.286564] pci_bus 0000:01: extended config space not accessible
[    0.286911] acpiphp: Slot [0] registered
[    0.286948] acpiphp: Slot [1] registered
[    0.286981] acpiphp: Slot [2] registered
[    0.287011] acpiphp: Slot [3-2] registered
[    0.287045] acpiphp: Slot [4-2] registered
[    0.287072] acpiphp: Slot [5] registered
[    0.287101] acpiphp: Slot [6-2] registered
[    0.287134] acpiphp: Slot [7-2] registered
[    0.287164] acpiphp: Slot [8-2] registered
[    0.287192] acpiphp: Slot [9-2] registered
[    0.287221] acpiphp: Slot [10-2] registered
[    0.287251] acpiphp: Slot [11-2] registered
[    0.287280] acpiphp: Slot [12-2] registered
[    0.287309] acpiphp: Slot [13-2] registered
[    0.287342] acpiphp: Slot [14-2] registered
[    0.287372] acpiphp: Slot [15-2] registered
[    0.287401] acpiphp: Slot [16-2] registered
[    0.287431] acpiphp: Slot [17-2] registered
[    0.287460] acpiphp: Slot [18-2] registered
[    0.287489] acpiphp: Slot [19-2] registered
[    0.287522] acpiphp: Slot [20-2] registered
[    0.287551] acpiphp: Slot [21-2] registered
[    0.287593] acpiphp: Slot [22-2] registered
[    0.287624] acpiphp: Slot [23-2] registered
[    0.287670] acpiphp: Slot [24-2] registered
[    0.287700] acpiphp: Slot [25-2] registered
[    0.287733] acpiphp: Slot [26-2] registered
[    0.287763] acpiphp: Slot [27-2] registered
[    0.287793] acpiphp: Slot [28-2] registered
[    0.287822] acpiphp: Slot [29-2] registered
[    0.287848] acpiphp: Slot [30] registered
[    0.287874] acpiphp: Slot [31] registered
[    0.288299] pci 0000:01:01.0: [1af4:1004] type 00 class 0x010000
[    0.289490] pci 0000:01:01.0: reg 0x10: [io  0xe000-0xe03f]
[    0.290261] pci 0000:01:01.0: reg 0x14: [mem 0xfe800000-0xfe800fff]
[    0.293708] pci 0000:01:01.0: reg 0x20: [mem 0xfd400000-0xfd403fff 64bit pref]
[    0.304956] pci 0000:00:05.0: PCI bridge to [bus 01]
[    0.304989] pci 0000:00:05.0:   bridge window [io  0xe000-0xefff]
[    0.305013] pci 0000:00:05.0:   bridge window [mem 0xfe800000-0xfe9fffff]
[    0.305054] pci 0000:00:05.0:   bridge window [mem 0xfd400000-0xfd5fffff 64bit pref]
[    0.305764] pci_bus 0000:02: extended config space not accessible
[    0.306047] acpiphp: Slot [0-2] registered
[    0.306080] acpiphp: Slot [1-2] registered
[    0.306109] acpiphp: Slot [2-2] registered
[    0.306138] acpiphp: Slot [3-3] registered
[    0.306174] acpiphp: Slot [4-3] registered
[    0.306204] acpiphp: Slot [5-2] registered
[    0.306233] acpiphp: Slot [6-3] registered
[    0.306262] acpiphp: Slot [7-3] registered
[    0.306290] acpiphp: Slot [8-3] registered
[    0.306319] acpiphp: Slot [9-3] registered
[    0.306348] acpiphp: Slot [10-3] registered
[    0.306381] acpiphp: Slot [11-3] registered
[    0.306411] acpiphp: Slot [12-3] registered
[    0.306440] acpiphp: Slot [13-3] registered
[    0.306468] acpiphp: Slot [14-3] registered
[    0.306497] acpiphp: Slot [15-3] registered
[    0.306538] acpiphp: Slot [16-3] registered
[    0.306573] acpiphp: Slot [17-3] registered
[    0.306616] acpiphp: Slot [18-3] registered
[    0.306646] acpiphp: Slot [19-3] registered
[    0.306701] acpiphp: Slot [20-3] registered
[    0.306743] acpiphp: Slot [21-3] registered
[    0.306772] acpiphp: Slot [22-3] registered
[    0.306805] acpiphp: Slot [23-3] registered
[    0.306835] acpiphp: Slot [24-3] registered
[    0.306864] acpiphp: Slot [25-3] registered
[    0.306893] acpiphp: Slot [26-3] registered
[    0.306922] acpiphp: Slot [27-3] registered
[    0.306952] acpiphp: Slot [28-3] registered
[    0.306981] acpiphp: Slot [29-3] registered
[    0.307014] acpiphp: Slot [30-2] registered
[    0.307048] acpiphp: Slot [31-2] registered
[    0.313897] pci 0000:00:1e.0: PCI bridge to [bus 02]
[    0.313929] pci 0000:00:1e.0:   bridge window [io  0xd000-0xdfff]
[    0.313952] pci 0000:00:1e.0:   bridge window [mem 0xfe600000-0xfe7fffff]
[    0.313994] pci 0000:00:1e.0:   bridge window [mem 0xfd200000-0xfd3fffff 64bit pref]
[    0.314743] pci_bus 0000:03: extended config space not accessible
[    0.315071] acpiphp: Slot [0-3] registered
[    0.315107] acpiphp: Slot [1-3] registered
[    0.315150] acpiphp: Slot [2-3] registered
[    0.315181] acpiphp: Slot [3-4] registered
[    0.315216] acpiphp: Slot [4-4] registered
[    0.315246] acpiphp: Slot [5-3] registered
[    0.315275] acpiphp: Slot [6-4] registered
[    0.315309] acpiphp: Slot [7-4] registered
[    0.315352] acpiphp: Slot [8-4] registered
[    0.315383] acpiphp: Slot [9-4] registered
[    0.315426] acpiphp: Slot [10-4] registered
[    0.315458] acpiphp: Slot [11-4] registered
[    0.315488] acpiphp: Slot [12-4] registered
[    0.315522] acpiphp: Slot [13-4] registered
[    0.315553] acpiphp: Slot [14-4] registered
[    0.315582] acpiphp: Slot [15-4] registered
[    0.315612] acpiphp: Slot [16-4] registered
[    0.315642] acpiphp: Slot [17-4] registered
[    0.315684] acpiphp: Slot [18-4] registered
[    0.315715] acpiphp: Slot [19-4] registered
[    0.315763] acpiphp: Slot [20-4] registered
[    0.315794] acpiphp: Slot [21-4] registered
[    0.315825] acpiphp: Slot [22-4] registered
[    0.315855] acpiphp: Slot [23-4] registered
[    0.315885] acpiphp: Slot [24-4] registered
[    0.315916] acpiphp: Slot [25-4] registered
[    0.315950] acpiphp: Slot [26-4] registered
[    0.315981] acpiphp: Slot [27-4] registered
[    0.316011] acpiphp: Slot [28-4] registered
[    0.316041] acpiphp: Slot [29-4] registered
[    0.316083] acpiphp: Slot [30-3] registered
[    0.316116] acpiphp: Slot [31-3] registered
[    0.324068] pci 0000:00:1f.0: PCI bridge to [bus 03]
[    0.324097] pci 0000:00:1f.0:   bridge window [io  0xc000-0xcfff]
[    0.324119] pci 0000:00:1f.0:   bridge window [mem 0xfe400000-0xfe5fffff]
[    0.324161] pci 0000:00:1f.0:   bridge window [mem 0xfd000000-0xfd1fffff 64bit pref]
[    0.326218] ACPI: PCI: Interrupt link LNKA configured for IRQ 10
[    0.326397] ACPI: PCI: Interrupt link LNKB configured for IRQ 10
[    0.326579] ACPI: PCI: Interrupt link LNKC configured for IRQ 11
[    0.326770] ACPI: PCI: Interrupt link LNKD configured for IRQ 11
[    0.326872] ACPI: PCI: Interrupt link LNKS configured for IRQ 9
[    0.327708] iommu: Default domain type: Translated 
[    0.327712] iommu: DMA domain TLB invalidation policy: lazy mode 
[    0.328037] SCSI subsystem initialized
[    0.328095] libata version 3.00 loaded.
[    0.328202] pci 0000:00:02.0: vgaarb: setting as boot VGA device
[    0.328207] pci 0000:00:02.0: vgaarb: VGA device added: decodes=io+mem,owns=io+mem,locks=none
[    0.328211] pci 0000:00:02.0: vgaarb: bridge control possible
[    0.328214] vgaarb: loaded
[    0.328267] ACPI: bus type USB registered
[    0.328295] usbcore: registered new interface driver usbfs
[    0.328309] usbcore: registered new interface driver hub
[    0.328319] usbcore: registered new device driver usb
[    0.328346] pps_core: LinuxPPS API ver. 1 registered
[    0.328348] pps_core: Software ver. 5.3.6 - Copyright 2005-2007 Rodolfo Giometti <giometti@linux.it>
[    0.328353] PTP clock support registered
[    0.328413] EDAC MC: Ver: 3.0.0
[    0.329167] NetLabel: Initializing
[    0.329170] NetLabel:  domain hash size = 128
[    0.329172] NetLabel:  protocols = UNLABELED CIPSOv4 CALIPSO
[    0.329202] NetLabel:  unlabeled traffic allowed by default
[    0.329254] PCI: Using ACPI for IRQ routing
[    0.329260] PCI: pci_cache_line_size set to 64 bytes
[    0.329513] e820: reserve RAM buffer [mem 0x0009fc00-0x0009ffff]
[    0.329518] e820: reserve RAM buffer [mem 0x7ffda000-0x7fffffff]
[    0.331139] hpet: 3 channels of 0 reserved for per-cpu timers
[    0.331166] hpet0: at MMIO 0xfed00000, IRQs 2, 8, 0
[    0.331172] hpet0: 3 comparators, 64-bit 100.000000 MHz counter
[    0.333332] clocksource: Switched to clocksource kvm-clock
[    0.341949] VFS: Disk quotas dquot_6.6.0
[    0.341983] VFS: Dquot-cache hash table entries: 512 (order 0, 4096 bytes)
[    0.342170] AppArmor: AppArmor Filesystem Enabled
[    0.342203] pnp: PnP ACPI init
[    0.342364] pnp 00:02: [dma 2]
[    0.342822] pnp: PnP ACPI: found 4 devices
[    0.353772] clocksource: acpi_pm: mask: 0xffffff max_cycles: 0xffffff, max_idle_ns: 2085701024 ns
[    0.353867] NET: Registered PF_INET protocol family
[    0.353950] IP idents hash table entries: 32768 (order: 6, 262144 bytes, linear)
[    0.355061] tcp_listen_portaddr_hash hash table entries: 1024 (order: 2, 16384 bytes, linear)
[    0.355104] Table-perturb hash table entries: 65536 (order: 6, 262144 bytes, linear)
[    0.355126] TCP established hash table entries: 16384 (order: 5, 131072 bytes, linear)
[    0.355182] TCP bind hash table entries: 16384 (order: 6, 262144 bytes, linear)
[    0.355206] TCP: Hash tables configured (established 16384 bind 16384)
[    0.355305] MPTCP token hash table entries: 2048 (order: 3, 49152 bytes, linear)
[    0.355335] UDP hash table entries: 1024 (order: 3, 32768 bytes, linear)
[    0.355350] UDP-Lite hash table entries: 1024 (order: 3, 32768 bytes, linear)
[    0.355415] NET: Registered PF_UNIX/PF_LOCAL protocol family
[    0.355434] NET: Registered PF_XDP protocol family
[    0.355462] pci 0000:00:05.0: PCI bridge to [bus 01]
[    0.355484] pci 0000:00:05.0:   bridge window [io  0xe000-0xefff]
[    0.356287] pci 0000:00:05.0:   bridge window [mem 0xfe800000-0xfe9fffff]
[    0.356772] pci 0000:00:05.0:   bridge window [mem 0xfd400000-0xfd5fffff 64bit pref]
[    0.357691] pci 0000:00:1e.0: PCI bridge to [bus 02]
[    0.357723] pci 0000:00:1e.0:   bridge window [io  0xd000-0xdfff]
[    0.358362] pci 0000:00:1e.0:   bridge window [mem 0xfe600000-0xfe7fffff]
[    0.358787] pci 0000:00:1e.0:   bridge window [mem 0xfd200000-0xfd3fffff 64bit pref]
[    0.359658] pci 0000:00:1f.0: PCI bridge to [bus 03]
[    0.359676] pci 0000:00:1f.0:   bridge window [io  0xc000-0xcfff]
[    0.360389] pci 0000:00:1f.0:   bridge window [mem 0xfe400000-0xfe5fffff]
[    0.360864] pci 0000:00:1f.0:   bridge window [mem 0xfd000000-0xfd1fffff 64bit pref]
[    0.362639] pci_bus 0000:00: resource 4 [io  0x0000-0x0cf7 window]
[    0.362646] pci_bus 0000:00: resource 5 [io  0x0d00-0xffff window]
[    0.362649] pci_bus 0000:00: resource 6 [mem 0x000a0000-0x000bffff window]
[    0.362652] pci_bus 0000:00: resource 7 [mem 0x80000000-0xfebfffff window]
[    0.362655] pci_bus 0000:00: resource 8 [mem 0x100000000-0x17fffffff window]
[    0.362658] pci_bus 0000:01: resource 0 [io  0xe000-0xefff]
[    0.362660] pci_bus 0000:01: resource 1 [mem 0xfe800000-0xfe9fffff]
[    0.362662] pci_bus 0000:01: resource 2 [mem 0xfd400000-0xfd5fffff 64bit pref]
[    0.362666] pci_bus 0000:02: resource 0 [io  0xd000-0xdfff]
[    0.362668] pci_bus 0000:02: resource 1 [mem 0xfe600000-0xfe7fffff]
[    0.362670] pci_bus 0000:02: resource 2 [mem 0xfd200000-0xfd3fffff 64bit pref]
[    0.362673] pci_bus 0000:03: resource 0 [io  0xc000-0xcfff]
[    0.362676] pci_bus 0000:03: resource 1 [mem 0xfe400000-0xfe5fffff]
[    0.362678] pci_bus 0000:03: resource 2 [mem 0xfd000000-0xfd1fffff 64bit pref]
[    0.362824] pci 0000:00:01.0: PIIX3: Enabling Passive Release
[    0.362845] pci 0000:00:00.0: Limiting direct PCI/PCI transfers
[    0.362862] pci 0000:00:01.0: Activating ISA DMA hang workarounds
[    0.387083] ACPI: \_SB_.LNKD: Enabled at IRQ 11
[    0.411685] pci 0000:00:01.2: quirk_usb_early_handoff+0x0/0x160 took 47652 usecs
[    0.411806] PCI: CLS 0 bytes, default 64
[    0.411892] Trying to unpack rootfs image as initramfs...
[    0.417970] clocksource: tsc: mask: 0xffffffffffffffff max_cycles: 0x257a3a7b45f, max_idle_ns: 440795312762 ns
[    0.418365] Initialise system trusted keyrings
[    0.418400] Key type blacklist registered
[    0.418476] workingset: timestamp_bits=36 max_order=19 bucket_order=0
[    0.419739] zbud: loaded
[    0.420042] squashfs: version 4.0 (2009/01/31) Phillip Lougher
[    0.421825] fuse: init (API version 7.34)
[    0.422052] integrity: Platform Keyring initialized
[    0.442008] Key type asymmetric registered
[    0.442016] Asymmetric key parser 'x509' registered
[    0.442037] Block layer SCSI generic (bsg) driver version 0.4 loaded (major 243)
[    0.442155] io scheduler mq-deadline registered
[    0.442425] shpchp 0000:00:05.0: Requesting control of SHPC hotplug via OSHP (\_SB_.PCI0.S28_)
[    0.442438] shpchp 0000:00:05.0: Requesting control of SHPC hotplug via OSHP (\_SB_.PCI0)
[    0.442450] shpchp 0000:00:05.0: Cannot get control of SHPC hotplug
[    0.442520] shpchp 0000:00:1e.0: Requesting control of SHPC hotplug via OSHP (\_SB_.PCI0.SF0_)
[    0.442528] shpchp 0000:00:1e.0: Requesting control of SHPC hotplug via OSHP (\_SB_.PCI0)
[    0.442533] shpchp 0000:00:1e.0: Cannot get control of SHPC hotplug
[    0.442591] shpchp 0000:00:1f.0: Requesting control of SHPC hotplug via OSHP (\_SB_.PCI0.SF8_)
[    0.442600] shpchp 0000:00:1f.0: Requesting control of SHPC hotplug via OSHP (\_SB_.PCI0)
[    0.442604] shpchp 0000:00:1f.0: Cannot get control of SHPC hotplug
[    0.442615] shpchp: Standard Hot Plug PCI Controller Driver version: 0.4
[    0.442811] input: Power Button as /devices/LNXSYSTM:00/LNXPWRBN:00/input/input0
[    0.442858] ACPI: button: Power Button [PWRF]
[    0.488044] ACPI: \_SB_.LNKC: Enabled at IRQ 10
[    0.542173] ACPI: \_SB_.LNKA: Enabled at IRQ 10
[    0.591310] ACPI: \_SB_.LNKB: Enabled at IRQ 11
[    0.593455] Free page reporting enabled
[    0.598037] Serial: 8250/16550 driver, 32 ports, IRQ sharing enabled
[    0.602541] Linux agpgart interface v0.103
[    0.604198] loop: module loaded
[    0.604351] ata_piix 0000:00:01.1: version 2.13
[    0.610012] scsi host0: ata_piix
[    0.613822] scsi host1: ata_piix
[    0.613858] ata1: PATA max MWDMA2 cmd 0x1f0 ctl 0x3f6 bmdma 0xf160 irq 14
[    0.613870] ata2: PATA max MWDMA2 cmd 0x170 ctl 0x376 bmdma 0xf168 irq 15
[    0.614055] tun: Universal TUN/TAP device driver, 1.6
[    0.614434] PPP generic driver version 2.4.2
[    0.614500] VFIO - User Level meta-driver version: 0.3
[    0.614860] ehci_hcd: USB 2.0 'Enhanced' Host Controller (EHCI) Driver
[    0.614872] ehci-pci: EHCI PCI platform driver
[    0.614882] ehci-platform: EHCI generic platform driver
[    0.614893] ohci_hcd: USB 1.1 'Open' Host Controller (OHCI) Driver
[    0.614901] ohci-pci: OHCI PCI platform driver
[    0.614913] ohci-platform: OHCI generic platform driver
[    0.614920] uhci_hcd: USB Universal Host Controller Interface driver
[    0.660925] uhci_hcd 0000:00:01.2: UHCI Host Controller
[    0.660955] uhci_hcd 0000:00:01.2: new USB bus registered, assigned bus number 1
[    0.660986] uhci_hcd 0000:00:01.2: detected 2 ports
[    0.661130] uhci_hcd 0000:00:01.2: irq 11, io base 0x0000f140
[    0.666036] usb usb1: New USB device found, idVendor=1d6b, idProduct=0001, bcdDevice= 5.15
[    0.666043] usb usb1: New USB device strings: Mfr=3, Product=2, SerialNumber=1
[    0.666050] usb usb1: Product: UHCI Host Controller
[    0.666052] usb usb1: Manufacturer: Linux 5.15.0-71-generic uhci_hcd
[    0.666055] usb usb1: SerialNumber: 0000:00:01.2
[    0.666197] hub 1-0:1.0: USB hub found
[    0.666216] hub 1-0:1.0: 2 ports detected
[    0.666448] i8042: PNP: PS/2 Controller [PNP0303:KBD,PNP0f13:MOU] at 0x60,0x64 irq 1,12
[    0.667361] serio: i8042 KBD port at 0x60,0x64 irq 1
[    0.667387] serio: i8042 AUX port at 0x60,0x64 irq 12
[    0.667504] mousedev: PS/2 mouse device common for all mice
[    0.667912] input: AT Translated Set 2 keyboard as /devices/platform/i8042/serio0/input/input1
[    0.668173] rtc_cmos 00:03: RTC can wake from S4
[    0.668781] rtc_cmos 00:03: registered as rtc0
[    0.668879] rtc_cmos 00:03: setting system clock to 2023-05-01T19:59:41 UTC (1682971181)
[    0.668980] rtc_cmos 00:03: alarms up to one day, y3k, 242 bytes nvram, hpet irqs
[    0.668992] i2c_dev: i2c /dev entries driver
[    0.669028] device-mapper: core: CONFIG_IMA_DISABLE_HTABLE is disabled. Duplicate IMA measurements will not be recorded in the IMA log.
[    0.669074] device-mapper: uevent: version 1.0.3
[    0.669137] device-mapper: ioctl: 4.45.0-ioctl (2021-03-22) initialised: dm-devel@redhat.com
[    0.669157] platform eisa.0: Probing EISA bus 0
[    0.669166] platform eisa.0: EISA: Cannot allocate resource for mainboard
[    0.669169] platform eisa.0: Cannot allocate resource for EISA slot 1
[    0.669172] platform eisa.0: Cannot allocate resource for EISA slot 2
[    0.669174] platform eisa.0: Cannot allocate resource for EISA slot 3
[    0.669177] platform eisa.0: Cannot allocate resource for EISA slot 4
[    0.669179] platform eisa.0: Cannot allocate resource for EISA slot 5
[    0.669182] platform eisa.0: Cannot allocate resource for EISA slot 6
[    0.669184] platform eisa.0: Cannot allocate resource for EISA slot 7
[    0.669187] platform eisa.0: Cannot allocate resource for EISA slot 8
[    0.669189] platform eisa.0: EISA: Detected 0 cards
[    0.669192] intel_pstate: CPU model not supported
[    0.669209] ledtrig-cpu: registered to indicate activity on CPUs
[    0.669248] efifb: probing for efifb
[    0.669271] efifb: No BGRT, not showing boot graphics
[    0.669273] efifb: framebuffer at 0xfc000000, using 1408k, total 1408k
[    0.669276] efifb: mode is 800x600x24, linelength=2400, pages=1
[    0.669278] efifb: scrolling: redraw
[    0.669280] efifb: Truecolor: size=0:8:8:8, shift=0:16:8:0
[    0.669424] Console: switching to colour frame buffer device 100x37
[    0.673921] fb0: EFI VGA frame buffer device
[    0.674033] drop_monitor: Initializing network drop monitor service
[    0.674241] NET: Registered PF_INET6 protocol family
[    0.775139] ata2.00: ATAPI: QEMU DVD-ROM, 2.5+, max UDMA/100
[    0.776392] scsi 1:0:0:0: CD-ROM            QEMU     QEMU DVD-ROM     2.5+ PQ: 0 ANSI: 5
[    0.790341] sr 1:0:0:0: [sr0] scsi3-mmc drive: 4x/4x cd/rw xa/form2 tray
[    0.790388] cdrom: Uniform CD-ROM driver Revision: 3.20
[    0.806409] sr 1:0:0:0: Attached scsi CD-ROM sr0
[    0.806598] sr 1:0:0:0: Attached scsi generic sg0 type 5
[    1.006003] usb 1-1: new full-speed USB device number 2 using uhci_hcd
[    1.192140] usb 1-1: New USB device found, idVendor=0627, idProduct=0001, bcdDevice= 0.00
[    1.192194] usb 1-1: New USB device strings: Mfr=1, Product=3, SerialNumber=10
[    1.192231] usb 1-1: Product: QEMU USB Tablet
[    1.192938] usb 1-1: Manufacturer: QEMU
[    1.193637] usb 1-1: SerialNumber: 28754-0000:00:01.2-1
[    1.314801] Freeing initrd memory: 107960K
[    1.324855] Segment Routing with IPv6
[    1.325538] In-situ OAM (IOAM) with IPv6
[    1.326257] NET: Registered PF_PACKET protocol family
[    1.326976] Key type dns_resolver registered
[    1.327887] IPI shorthand broadcast: enabled
[    1.328566] sched_clock: Marking stable (1327237507, -1062233)->(1333120901, -6945627)
[    1.329391] registered taskstats version 1
[    1.330215] Loading compiled-in X.509 certificates
[    1.331867] Loaded X.509 cert 'Build time autogenerated kernel key: 2f86ddc308e15dc6b50c79b07e2324bbca0a5704'
[    1.334195] Loaded X.509 cert 'Canonical Ltd. Live Patch Signing: 14df34d1a87cf37625abec039ef2bf521249b969'
[    1.336562] Loaded X.509 cert 'Canonical Ltd. Kernel Module Signing: 88f752e560a1e0737e31163a466ad7b70a850c19'
[    1.338334] blacklist: Loading compiled-in revocation X.509 certificates
[    1.339334] Loaded X.509 cert 'Canonical Ltd. Secure Boot Signing: 61482aa2830d0ab2ad5af10b7250da9033ddcef0'
[    1.341185] Loaded X.509 cert 'Canonical Ltd. Secure Boot Signing (2017): 242ade75ac4a15e50d50c84b0d45ff3eae707a03'
[    1.343189] Loaded X.509 cert 'Canonical Ltd. Secure Boot Signing (ESM 2018): 365188c1d374d6b07c3c8f240f8ef722433d6a8b'
[    1.345268] Loaded X.509 cert 'Canonical Ltd. Secure Boot Signing (2019): c0746fd6c5da3ae827864651ad66ae47fe24b3e8'
[    1.347357] Loaded X.509 cert 'Canonical Ltd. Secure Boot Signing (2021 v1): a8d54bbb3825cfb94fa13c9f8a594a195c107b8d'
[    1.349484] Loaded X.509 cert 'Canonical Ltd. Secure Boot Signing (2021 v2): 4cf046892d6fd3c9a5b03f98d845f90851dc6a8c'
[    1.351673] Loaded X.509 cert 'Canonical Ltd. Secure Boot Signing (2021 v3): 100437bb6de6e469b581e61cd66bce3ef4ed53af'
[    1.353928] Loaded X.509 cert 'Canonical Ltd. Secure Boot Signing (Ubuntu Core 2019): c1d57b8f6b743f23ee41f4f7ee292f06eecadfb9'
[    1.356259] zswap: loaded using pool lzo/zbud
[    1.357557] Key type .fscrypt registered
[    1.358690] Key type fscrypt-provisioning registered
[    1.363436] Key type encrypted registered
[    1.364586] AppArmor: AppArmor sha1 policy hashing enabled
[    1.365755] ima: No TPM chip found, activating TPM-bypass!
[    1.366899] Loading compiled-in module X.509 certificates
[    1.368755] Loaded X.509 cert 'Build time autogenerated kernel key: 2f86ddc308e15dc6b50c79b07e2324bbca0a5704'
[    1.371105] ima: Allocated hash algorithm: sha1
[    1.372324] ima: No architecture policies found
[    1.373483] evm: Initialising EVM extended attributes:
[    1.374681] evm: security.selinux
[    1.375842] evm: security.SMACK64
[    1.376948] evm: security.SMACK64EXEC
[    1.378030] evm: security.SMACK64TRANSMUTE
[    1.379078] evm: security.SMACK64MMAP
[    1.380092] evm: security.apparmor
[    1.381062] evm: security.ima
[    1.382011] evm: security.capability
[    1.382935] evm: HMAC attrs: 0x1
[    1.384171] PM:   Magic number: 7:526:1000
[    1.385097] pnp 00:02: hash matches
[    1.386240] RAS: Correctable Errors collector initialized.
[    1.388613] Freeing unused decrypted memory: 2036K
[    1.390679] Freeing unused kernel image (initmem) memory: 3244K
[    1.397803] Write protecting the kernel read-only data: 30720k
[    1.400013] Freeing unused kernel image (text/rodata gap) memory: 2036K
[    1.401138] Freeing unused kernel image (rodata/data gap) memory: 1448K
[    1.451093] x86/mm: Checked W+X mappings: passed, no W+X pages found.
[    1.451834] x86/mm: Checking user space page tables
[    1.500660] x86/mm: Checked W+X mappings: passed, no W+X pages found.
[    1.501388] Run /init as init process
[    1.502076]   with arguments:
[    1.502078]     /init
[    1.502081]   with environment:
[    1.502082]     HOME=/
[    1.502083]     TERM=linux
[    1.502084]     BOOT_IMAGE=/vmlinuz-5.15.0-71-generic
[    1.781527] piix4_smbus 0000:00:01.3: SMBus Host Controller at 0x700, revision 0
[    1.801002] 8139cp: 8139cp: 10/100 PCI Ethernet driver v1.3 (Mar 22, 2004)
[    1.807143] scsi host2: Virtio SCSI HBA
[    1.808609] scsi 2:0:0:0: Direct-Access     QEMU     QEMU HARDDISK    2.5+ PQ: 0 ANSI: 5
[    1.827441] hid: raw HID events driver (C) Jiri Kosina
[    1.834160] sd 2:0:0:0: Power-on or device reset occurred
[    1.835118] sd 2:0:0:0: Attached scsi generic sg1 type 0
[    1.835814] sd 2:0:0:0: [sda] 67108864 512-byte logical blocks: (34.4 GB/32.0 GiB)
[    1.836541] sd 2:0:0:0: [sda] Write Protect is off
[    1.837206] sd 2:0:0:0: [sda] Mode Sense: 63 00 00 08
[    1.837301] sd 2:0:0:0: [sda] Write cache: enabled, read cache: enabled, doesn't support DPO or FUA
[    1.846126] input: VirtualPS/2 VMware VMMouse as /devices/platform/i8042/serio1/input/input4
[    1.847413] input: VirtualPS/2 VMware VMMouse as /devices/platform/i8042/serio1/input/input3
[    1.862286]  sda: sda1 sda2 sda3
[    1.869890] sd 2:0:0:0: [sda] Attached SCSI disk
[    1.874268] FDC 0 is a S82078B
[    1.877745] usbcore: registered new interface driver usbhid
[    1.878511] usbhid: USB HID core driver
[    2.032649] input: QEMU QEMU USB Tablet as /devices/pci0000:00/0000:00:01.2/usb1/1-1/1-1:1.0/0003:0627:0001.0001/input/input5
[    2.042022] Console: switching to colour dummy device 80x25
[    2.042325] bochs-drm 0000:00:02.0: vgaarb: deactivate vga console
[    2.042465] [drm] Found bochs VGA, ID 0xb0c5.
[    2.042470] [drm] Framebuffer size 16384 kB @ 0xfc000000, mmio @ 0xfea50000.
[    2.044292] [drm] Found EDID data blob.
[    2.044936] hid-generic 0003:0627:0001.0001: input,hidraw0: USB HID v0.01 Mouse [QEMU QEMU USB Tablet] on usb-0000:00:01.2-1/input0
[    2.045370] 8139cp 0000:00:12.0 eth0: RTL-8139C+ at 0x(____ptrval____), 76:11:aa:f6:73:9c, IRQ 11
[    2.048605] 8139too: 8139too Fast Ethernet driver 0.9.28
[    2.055188] [drm] Initialized bochs-drm 1.0.0 20130925 for 0000:00:02.0 on minor 0
[    2.059363] fbcon: bochs-drmdrmfb (fb0) is primary device
[    2.065112] Console: switching to colour frame buffer device 160x50
[    2.067793] 8139cp 0000:00:12.0 ens18: renamed from eth0
[    2.075210] bochs-drm 0000:00:02.0: [drm] fb0: bochs-drmdrmfb frame buffer device
[    2.223510] random: lvm: uninitialized urandom read (4 bytes read)
[    2.236591] random: lvm: uninitialized urandom read (2 bytes read)
[    2.577737] raid6: sse2x4   gen()  5223 MB/s
[    2.645723] raid6: sse2x4   xor()  3086 MB/s
[    2.713734] raid6: sse2x2   gen()  5018 MB/s
[    2.781731] raid6: sse2x2   xor()  3171 MB/s
[    2.849727] raid6: sse2x1   gen()  4512 MB/s
[    2.917723] raid6: sse2x1   xor()  2916 MB/s
[    2.917779] raid6: using algorithm sse2x4 gen() 5223 MB/s
[    2.917825] raid6: .... xor() 3086 MB/s, rmw enabled
[    2.917889] raid6: using intx1 recovery algorithm
[    2.925780] xor: measuring software checksum speed
[    2.927072]    prefetch64-sse  :  8153 MB/sec
[    2.928467]    generic_sse     :  7355 MB/sec
[    2.928505] xor: using function: prefetch64-sse (8153 MB/sec)
[    2.932121] async_tx: api initialized (async)
[    3.028091] random: lvm: uninitialized urandom read (4 bytes read)
[    3.191743] Btrfs loaded, crc32c=crc32c-generic, zoned=yes, fsverity=yes
[    3.411343] EXT4-fs (dm-0): mounted filesystem with ordered data mode. Opts: (null). Quota mode: none.
[    4.245086] systemd[1]: Inserted module 'autofs4'
[    4.363553] systemd[1]: systemd 249.11-0ubuntu3.9 running in system mode (+PAM +AUDIT +SELINUX +APPARMOR +IMA +SMACK +SECCOMP +GCRYPT +GNUTLS +OPENSSL +ACL +BLKID +CURL +ELFUTILS +FIDO2 +IDN2 -IDN +IPTC +KMOD +LIBCRYPTSETUP +LIBFDISK +PCRE2 -PWQUALITY -P11KIT -QRENCODE +BZIP2 +LZ4 +XZ +ZLIB +ZSTD -XKBCOMMON +UTMP +SYSVINIT default-hierarchy=unified)
[    4.374685] systemd[1]: Detected virtualization kvm.
[    4.377636] systemd[1]: Detected architecture x86-64.
[    4.412562] systemd[1]: Hostname set to <safer>.
[    4.832772] random: lvmconfig: uninitialized urandom read (4 bytes read)
[    5.702274] systemd[1]: Queued start job for default target Graphical Interface.
[    5.710046] random: systemd: uninitialized urandom read (16 bytes read)
[    5.717510] systemd[1]: Created slice Slice /system/modprobe.
[    5.734378] random: systemd: uninitialized urandom read (16 bytes read)
[    5.741304] systemd[1]: Created slice Slice /system/postfix.
[    5.753087] systemd[1]: Created slice Slice /system/systemd-fsck.
[    5.762765] systemd[1]: Created slice User and Session Slice.
[    5.768522] systemd[1]: Started Forward Password Requests to Wall Directory Watch.
[    5.781512] systemd[1]: Set up automount Arbitrary Executable File Formats File System Automount Point.
[    5.790815] systemd[1]: Reached target Slice Units.
[    5.796874] systemd[1]: Reached target Mounting snaps.
[    5.805703] systemd[1]: Reached target Local Verity Protected Volumes.
[    5.815081] systemd[1]: Listening on Device-mapper event daemon FIFOs.
[    5.823045] systemd[1]: Listening on LVM2 poll daemon socket.
[    5.837161] systemd[1]: Listening on multipathd control socket.
[    5.845425] random: systemd: uninitialized urandom read (16 bytes read)
[    5.848982] systemd[1]: Listening on Syslog Socket.
[    5.857019] random: systemd: uninitialized urandom read (16 bytes read)
[    5.860586] systemd[1]: Listening on fsck to fsckd communication Socket.
[    5.868405] random: systemd: uninitialized urandom read (16 bytes read)
[    5.871719] systemd[1]: Listening on initctl Compatibility Named Pipe.
[    5.882508] systemd[1]: Listening on Journal Audit Socket.
[    5.891327] systemd[1]: Listening on Journal Socket (/dev/log).
[    5.897379] systemd[1]: Listening on Journal Socket.
[    5.905287] systemd[1]: Listening on Network Service Netlink Socket.
[    5.913125] systemd[1]: Listening on udev Control Socket.
[    5.920993] systemd[1]: Listening on udev Kernel Socket.
[    5.931879] systemd[1]: Mounting Huge Pages File System...
[    5.952633] systemd[1]: Mounting POSIX Message Queue File System...
[    5.968683] systemd[1]: Mounting Kernel Debug File System...
[    5.984506] systemd[1]: Mounting Kernel Trace File System...
[    6.002683] systemd[1]: Starting Journal Service...
[    6.024471] systemd[1]: Starting Set the console keyboard layout...
[    6.046301] systemd[1]: Starting Create List of Static Device Nodes...
[    6.066232] systemd[1]: Starting Monitoring of LVM2 mirrors, snapshots etc. using dmeventd or progress polling...
[    6.072549] systemd[1]: Condition check resulted in LXD - agent being skipped.
[    6.084986] systemd[1]: Starting Load Kernel Module chromeos_pstore...
[    6.110150] systemd[1]: Starting Load Kernel Module configfs...
[    6.130006] systemd[1]: Starting Load Kernel Module drm...
[    6.146055] systemd[1]: Starting Load Kernel Module efi_pstore...
[    6.163096] systemd[1]: Starting Load Kernel Module fuse...
[    6.177707] systemd[1]: Starting Load Kernel Module pstore_blk...
[    6.198244] systemd[1]: Starting Load Kernel Module pstore_zone...
[    6.215588] systemd[1]: Starting Load Kernel Module ramoops...
[    6.229385] systemd[1]: Condition check resulted in OpenVSwitch configuration for cleanup being skipped.
[    6.235534] systemd[1]: Condition check resulted in File System Check on Root Device being skipped.
[    6.254296] systemd[1]: Starting Load Kernel Modules...
[    6.274517] systemd[1]: Starting Remount Root and Kernel File Systems...
[    6.290250] systemd[1]: Starting Coldplug All udev Devices...
[    6.313207] systemd[1]: Mounted Huge Pages File System.
[    6.327931] systemd[1]: Mounted POSIX Message Queue File System.
[    6.340885] systemd[1]: Mounted Kernel Debug File System.
[    6.355273] systemd[1]: Mounted Kernel Trace File System.
[    6.369891] systemd[1]: Finished Create List of Static Device Nodes.
[    6.417609] systemd[1]: modprobe@chromeos_pstore.service: Deactivated successfully.
[    6.426129] systemd[1]: Finished Load Kernel Module chromeos_pstore.
[    6.433280] systemd[1]: modprobe@configfs.service: Deactivated successfully.
[    6.434766] systemd[1]: Finished Load Kernel Module configfs.
[    6.442356] systemd[1]: Mounting Kernel Configuration File System...
[    6.448234] systemd[1]: Mounted Kernel Configuration File System.
[    6.458644] systemd[1]: Finished Load Kernel Modules.
[    6.465950] systemd[1]: Starting Apply Kernel Variables...
[    6.489757] EXT4-fs (dm-0): re-mounted. Opts: (null). Quota mode: none.
[    6.494051] systemd[1]: Finished Remount Root and Kernel File Systems.
[    6.497118] systemd[1]: Activating swap /swap.img...
[    6.506664] systemd[1]: Starting Device-Mapper Multipath Device Controller...
[    6.514094] systemd[1]: Starting Load/Save Random Seed...
[    6.522043] systemd[1]: Starting Create System Users...
[    6.535927] systemd[1]: Finished Monitoring of LVM2 mirrors, snapshots etc. using dmeventd or progress polling.
[    6.544206] Adding 2097148k swap on /swap.img.  Priority:-2 extents:5 across:2433020k FS
[    6.544282] systemd[1]: Activated swap /swap.img.
[    6.545333] systemd[1]: Reached target Swaps.
[    6.565412] systemd[1]: Finished Apply Kernel Variables.
[    6.568137] alua: device handler registered
[    6.571063] systemd[1]: modprobe@drm.service: Deactivated successfully.
[    6.571373] systemd[1]: Finished Load Kernel Module drm.
[    6.575142] emc: device handler registered
[    6.582287] rdac: device handler registered
[    6.593788] systemd[1]: modprobe@fuse.service: Deactivated successfully.
[    6.594089] systemd[1]: Finished Load Kernel Module fuse.
[    6.596595] systemd[1]: Mounting FUSE Control File System...
[    6.602737] systemd[1]: Mounted FUSE Control File System.
[    6.619331] systemd[1]: Finished Create System Users.
[    6.621601] systemd[1]: Starting Create Static Device Nodes in /dev...
[    6.644769] systemd[1]: modprobe@efi_pstore.service: Deactivated successfully.
[    6.645109] systemd[1]: Finished Load Kernel Module efi_pstore.
[    6.647697] systemd[1]: modprobe@pstore_zone.service: Deactivated successfully.
[    6.648017] systemd[1]: Finished Load Kernel Module pstore_zone.
[    6.659655] systemd[1]: modprobe@pstore_blk.service: Deactivated successfully.
[    6.659942] systemd[1]: Finished Load Kernel Module pstore_blk.
[    6.676006] systemd[1]: modprobe@ramoops.service: Deactivated successfully.
[    6.676311] systemd[1]: Finished Load Kernel Module ramoops.
[    6.677300] systemd[1]: Condition check resulted in Platform Persistent Storage Archival being skipped.
[    6.708257] systemd[1]: Finished Create Static Device Nodes in /dev.
[    6.713956] systemd[1]: Starting Rule-based Manager for Device Events and Files...
[    6.811581] systemd[1]: Started Device-Mapper Multipath Device Controller.
[    6.863737] systemd[1]: Started Journal Service.
[    6.864873] random: systemd: uninitialized urandom read (16 bytes read)
[    6.878565] systemd-journald[345]: Received client request to flush runtime journal.
[    7.015981] loop0: detected capacity change from 0 to 229272
[    7.021590] loop1: detected capacity change from 0 to 109032
[    7.022053] random: crng init done
[    7.022055] random: 55 urandom warning(s) missed due to ratelimiting
[    7.022722] loop2: detected capacity change from 0 to 126896
[    7.024081] loop3: detected capacity change from 0 to 129672
[    7.024820] loop4: detected capacity change from 0 to 163736
[    8.574296] EXT4-fs (sda2): mounted filesystem with ordered data mode. Opts: (null). Quota mode: none.
[    8.759990] audit: type=1400 audit(1682971189.588:2): apparmor="STATUS" operation="profile_load" profile="unconfined" name="lsb_release" pid=562 comm="apparmor_parser"
[    8.781049] audit: type=1400 audit(1682971189.608:3): apparmor="STATUS" operation="profile_load" profile="unconfined" name="nvidia_modprobe" pid=571 comm="apparmor_parser"
[    8.781055] audit: type=1400 audit(1682971189.608:4): apparmor="STATUS" operation="profile_load" profile="unconfined" name="nvidia_modprobe//kmod" pid=571 comm="apparmor_parser"
[    8.836970] audit: type=1400 audit(1682971189.664:5): apparmor="STATUS" operation="profile_load" profile="unconfined" name="/usr/lib/NetworkManager/nm-dhcp-client.action" pid=574 comm="apparmor_parser"
[    8.836978] audit: type=1400 audit(1682971189.664:6): apparmor="STATUS" operation="profile_load" profile="unconfined" name="/usr/lib/NetworkManager/nm-dhcp-helper" pid=574 comm="apparmor_parser"
[    8.836981] audit: type=1400 audit(1682971189.664:7): apparmor="STATUS" operation="profile_load" profile="unconfined" name="/usr/lib/connman/scripts/dhclient-script" pid=574 comm="apparmor_parser"
[    8.836984] audit: type=1400 audit(1682971189.664:8): apparmor="STATUS" operation="profile_load" profile="unconfined" name="/{,usr/}sbin/dhclient" pid=574 comm="apparmor_parser"
[    8.849807] audit: type=1400 audit(1682971189.680:9): apparmor="STATUS" operation="profile_load" profile="unconfined" name="/usr/bin/man" pid=577 comm="apparmor_parser"
[    8.849815] audit: type=1400 audit(1682971189.680:10): apparmor="STATUS" operation="profile_load" profile="unconfined" name="man_filter" pid=577 comm="apparmor_parser"
[    8.849818] audit: type=1400 audit(1682971189.680:11): apparmor="STATUS" operation="profile_load" profile="unconfined" name="man_groff" pid=577 comm="apparmor_parser"
[   11.147142] 8139cp 0000:00:12.0 ens18: link up, 100Mbps, full-duplex, lpa 0x05E1
[   13.907110] Process accounting resumed
[   18.600249] [UFW BLOCK] IN=ens18 OUT= MAC=33:33:00:00:00:01:e0:63:da:30:f4:6a:86:dd SRC=fe80:0000:0000:0000:e263:daff:fe30:f46a DST=ff02:0000:0000:0000:0000:0000:0000:0001 LEN=230 TC=0 HOPLIMIT=1 FLOWLBL=679906 PROTO=UDP SPT=33195 DPT=10001 LEN=190 
[   22.732121] loop5: detected capacity change from 0 to 8
[   28.600321] [UFW BLOCK] IN=ens18 OUT= MAC=33:33:00:00:00:01:e0:63:da:30:f4:6a:86:dd SRC=fe80:0000:0000:0000:e263:daff:fe30:f46a DST=ff02:0000:0000:0000:0000:0000:0000:0001 LEN=230 TC=0 HOPLIMIT=1 FLOWLBL=938660 PROTO=UDP SPT=41987 DPT=10001 LEN=190 
[   38.604740] [UFW BLOCK] IN=ens18 OUT= MAC=33:33:00:00:00:01:e0:63:da:30:f4:6a:86:dd SRC=fe80:0000:0000:0000:e263:daff:fe30:f46a DST=ff02:0000:0000:0000:0000:0000:0000:0001 LEN=230 TC=0 HOPLIMIT=1 FLOWLBL=270844 PROTO=UDP SPT=41257 DPT=10001 LEN=190 
[   48.615903] [UFW BLOCK] IN=ens18 OUT= MAC=33:33:00:00:00:01:e0:63:da:30:f4:6a:86:dd SRC=fe80:0000:0000:0000:e263:daff:fe30:f46a DST=ff02:0000:0000:0000:0000:0000:0000:0001 LEN=230 TC=0 HOPLIMIT=1 FLOWLBL=795873 PROTO=UDP SPT=43361 DPT=10001 LEN=190 
[   51.432868] [UFW BLOCK] IN=ens18 OUT= MAC=76:11:aa:f6:73:9c:14:7d:da:2b:5c:65:08:00 SRC=172.16.103.32 DST=172.16.103.31 LEN=64 TOS=0x08 PREC=0x40 TTL=64 ID=0 DF PROTO=TCP SPT=54246 DPT=22 WINDOW=65535 RES=0x00 SYN URGP=0 
[   51.541246] [UFW BLOCK] IN=ens18 OUT= MAC=76:11:aa:f6:73:9c:14:7d:da:2b:5c:65:08:00 SRC=172.16.103.32 DST=172.16.103.31 LEN=64 TOS=0x08 PREC=0x40 TTL=64 ID=0 DF PROTO=TCP SPT=54246 DPT=22 WINDOW=65535 RES=0x00 SYN URGP=0 
[   51.634441] [UFW BLOCK] IN=ens18 OUT= MAC=76:11:aa:f6:73:9c:14:7d:da:2b:5c:65:08:00 SRC=172.16.103.32 DST=172.16.103.31 LEN=64 TOS=0x08 PREC=0x40 TTL=64 ID=0 DF PROTO=TCP SPT=54246 DPT=22 WINDOW=65535 RES=0x00 SYN URGP=0 
[   51.739926] [UFW BLOCK] IN=ens18 OUT= MAC=76:11:aa:f6:73:9c:14:7d:da:2b:5c:65:08:00 SRC=172.16.103.32 DST=172.16.103.31 LEN=64 TOS=0x08 PREC=0x40 TTL=64 ID=0 DF PROTO=TCP SPT=54246 DPT=22 WINDOW=65535 RES=0x00 SYN URGP=0 
[   51.840310] [UFW BLOCK] IN=ens18 OUT= MAC=76:11:aa:f6:73:9c:14:7d:da:2b:5c:65:08:00 SRC=172.16.103.32 DST=172.16.103.31 LEN=64 TOS=0x08 PREC=0x40 TTL=64 ID=0 DF PROTO=TCP SPT=54246 DPT=22 WINDOW=65535 RES=0x00 SYN URGP=0 
[   51.936492] [UFW BLOCK] IN=ens18 OUT= MAC=76:11:aa:f6:73:9c:14:7d:da:2b:5c:65:08:00 SRC=172.16.103.32 DST=172.16.103.31 LEN=64 TOS=0x08 PREC=0x40 TTL=64 ID=0 DF PROTO=TCP SPT=54246 DPT=22 WINDOW=65535 RES=0x00 SYN URGP=0 
[   52.137810] [UFW BLOCK] IN=ens18 OUT= MAC=76:11:aa:f6:73:9c:14:7d:da:2b:5c:65:08:00 SRC=172.16.103.32 DST=172.16.103.31 LEN=64 TOS=0x08 PREC=0x40 TTL=64 ID=0 DF PROTO=TCP SPT=54246 DPT=22 WINDOW=65535 RES=0x00 SYN URGP=0 
[   52.537759] [UFW BLOCK] IN=ens18 OUT= MAC=76:11:aa:f6:73:9c:14:7d:da:2b:5c:65:08:00 SRC=172.16.103.32 DST=172.16.103.31 LEN=64 TOS=0x08 PREC=0x40 TTL=64 ID=0 DF PROTO=TCP SPT=54246 DPT=22 WINDOW=65535 RES=0x00 SYN URGP=0 
[   58.625568] [UFW BLOCK] IN=ens18 OUT= MAC=33:33:00:00:00:01:e0:63:da:30:f4:6a:86:dd SRC=fe80:0000:0000:0000:e263:daff:fe30:f46a DST=ff02:0000:0000:0000:0000:0000:0000:0001 LEN=230 TC=0 HOPLIMIT=1 FLOWLBL=74214 PROTO=UDP SPT=59822 DPT=10001 LEN=190 
[   68.632131] [UFW BLOCK] IN=ens18 OUT= MAC=33:33:00:00:00:01:e0:63:da:30:f4:6a:86:dd SRC=fe80:0000:0000:0000:e263:daff:fe30:f46a DST=ff02:0000:0000:0000:0000:0000:0000:0001 LEN=230 TC=0 HOPLIMIT=1 FLOWLBL=1045570 PROTO=UDP SPT=48616 DPT=10001 LEN=190 
[   78.628762] [UFW BLOCK] IN=ens18 OUT= MAC=33:33:00:00:00:01:e0:63:da:30:f4:6a:86:dd SRC=fe80:0000:0000:0000:e263:daff:fe30:f46a DST=ff02:0000:0000:0000:0000:0000:0000:0001 LEN=230 TC=0 HOPLIMIT=1 FLOWLBL=1005409 PROTO=UDP SPT=44018 DPT=10001 LEN=190 
[   88.637670] [UFW BLOCK] IN=ens18 OUT= MAC=33:33:00:00:00:01:e0:63:da:30:f4:6a:86:dd SRC=fe80:0000:0000:0000:e263:daff:fe30:f46a DST=ff02:0000:0000:0000:0000:0000:0000:0001 LEN=230 TC=0 HOPLIMIT=1 FLOWLBL=191217 PROTO=UDP SPT=35474 DPT=10001 LEN=190 
[   98.637825] [UFW BLOCK] IN=ens18 OUT= MAC=33:33:00:00:00:01:e0:63:da:30:f4:6a:86:dd SRC=fe80:0000:0000:0000:e263:daff:fe30:f46a DST=ff02:0000:0000:0000:0000:0000:0000:0001 LEN=230 TC=0 HOPLIMIT=1 FLOWLBL=744174 PROTO=UDP SPT=42251 DPT=10001 LEN=190 
[  108.642918] [UFW BLOCK] IN=ens18 OUT= MAC=33:33:00:00:00:01:e0:63:da:30:f4:6a:86:dd SRC=fe80:0000:0000:0000:e263:daff:fe30:f46a DST=ff02:0000:0000:0000:0000:0000:0000:0001 LEN=230 TC=0 HOPLIMIT=1 FLOWLBL=193079 PROTO=UDP SPT=44319 DPT=10001 LEN=190 
[  118.655072] [UFW BLOCK] IN=ens18 OUT= MAC=33:33:00:00:00:01:e0:63:da:30:f4:6a:86:dd SRC=fe80:0000:0000:0000:e263:daff:fe30:f46a DST=ff02:0000:0000:0000:0000:0000:0000:0001 LEN=230 TC=0 HOPLIMIT=1 FLOWLBL=636704 PROTO=UDP SPT=38864 DPT=10001 LEN=190 
[  128.665245] [UFW BLOCK] IN=ens18 OUT= MAC=33:33:00:00:00:01:e0:63:da:30:f4:6a:86:dd SRC=fe80:0000:0000:0000:e263:daff:fe30:f46a DST=ff02:0000:0000:0000:0000:0000:0000:0001 LEN=230 TC=0 HOPLIMIT=1 FLOWLBL=448564 PROTO=UDP SPT=45277 DPT=10001 LEN=190 
[  138.667460] [UFW BLOCK] IN=ens18 OUT= MAC=33:33:00:00:00:01:e0:63:da:30:f4:6a:86:dd SRC=fe80:0000:0000:0000:e263:daff:fe30:f46a DST=ff02:0000:0000:0000:0000:0000:0000:0001 LEN=230 TC=0 HOPLIMIT=1 FLOWLBL=611038 PROTO=UDP SPT=58145 DPT=10001 LEN=190 
[  148.668900] [UFW BLOCK] IN=ens18 OUT= MAC=33:33:00:00:00:01:e0:63:da:30:f4:6a:86:dd SRC=fe80:0000:0000:0000:e263:daff:fe30:f46a DST=ff02:0000:0000:0000:0000:0000:0000:0001 LEN=230 TC=0 HOPLIMIT=1 FLOWLBL=809763 PROTO=UDP SPT=41953 DPT=10001 LEN=190 
[  158.666848] [UFW BLOCK] IN=ens18 OUT= MAC=33:33:00:00:00:01:e0:63:da:30:f4:6a:86:dd SRC=fe80:0000:0000:0000:e263:daff:fe30:f46a DST=ff02:0000:0000:0000:0000:0000:0000:0001 LEN=230 TC=0 HOPLIMIT=1 FLOWLBL=407976 PROTO=UDP SPT=55703 DPT=10001 LEN=190 
[  168.669506] [UFW BLOCK] IN=ens18 OUT= MAC=33:33:00:00:00:01:e0:63:da:30:f4:6a:86:dd SRC=fe80:0000:0000:0000:e263:daff:fe30:f46a DST=ff02:0000:0000:0000:0000:0000:0000:0001 LEN=230 TC=0 HOPLIMIT=1 FLOWLBL=867442 PROTO=UDP SPT=38690 DPT=10001 LEN=190 
[  178.667851] [UFW BLOCK] IN=ens18 OUT= MAC=33:33:00:00:00:01:e0:63:da:30:f4:6a:86:dd SRC=fe80:0000:0000:0000:e263:daff:fe30:f46a DST=ff02:0000:0000:0000:0000:0000:0000:0001 LEN=230 TC=0 HOPLIMIT=1 FLOWLBL=916493 PROTO=UDP SPT=44430 DPT=10001 LEN=190 
[  188.673868] [UFW BLOCK] IN=ens18 OUT= MAC=33:33:00:00:00:01:e0:63:da:30:f4:6a:86:dd SRC=fe80:0000:0000:0000:e263:daff:fe30:f46a DST=ff02:0000:0000:0000:0000:0000:0000:0001 LEN=230 TC=0 HOPLIMIT=1 FLOWLBL=1010160 PROTO=UDP SPT=35619 DPT=10001 LEN=190 
[  198.678785] [UFW BLOCK] IN=ens18 OUT= MAC=33:33:00:00:00:01:e0:63:da:30:f4:6a:86:dd SRC=fe80:0000:0000:0000:e263:daff:fe30:f46a DST=ff02:0000:0000:0000:0000:0000:0000:0001 LEN=230 TC=0 HOPLIMIT=1 FLOWLBL=187336 PROTO=UDP SPT=60135 DPT=10001 LEN=190 
[  218.680216] [UFW BLOCK] IN=ens18 OUT= MAC=33:33:00:00:00:01:e0:63:da:30:f4:6a:86:dd SRC=fe80:0000:0000:0000:e263:daff:fe30:f46a DST=ff02:0000:0000:0000:0000:0000:0000:0001 LEN=230 TC=0 HOPLIMIT=1 FLOWLBL=898749 PROTO=UDP SPT=57048 DPT=10001 LEN=190 
[  238.688329] [UFW BLOCK] IN=ens18 OUT= MAC=33:33:00:00:00:01:e0:63:da:30:f4:6a:86:dd SRC=fe80:0000:0000:0000:e263:daff:fe30:f46a DST=ff02:0000:0000:0000:0000:0000:0000:0001 LEN=230 TC=0 HOPLIMIT=1 FLOWLBL=1003945 PROTO=UDP SPT=59626 DPT=10001 LEN=190 
Desired=Unknown/Install/Remove/Purge/Hold
| Status=Not/Inst/Conf-files/Unpacked/halF-conf/Half-inst/trig-aWait/Trig-pend
|/ Err?=(none)/Reinst-required (Status,Err: uppercase=bad)
||/ Name                                  Version                                 Architecture Description
+++-=====================================-=======================================-============-================================================================================
ii  acct                                  6.6.4-4build2                           amd64        GNU Accounting utilities for process and login accounting
ii  adduser                               3.118ubuntu5                            all          add and remove users and groups
ii  amd64-microcode                       3.20191218.1ubuntu2                     amd64        Processor microcode firmware for AMD CPUs
ii  apache2                               2.4.52-1ubuntu4.5                       amd64        Apache HTTP Server
ii  apache2-bin                           2.4.52-1ubuntu4.5                       amd64        Apache HTTP Server (modules and other binary files)
ii  apache2-data                          2.4.52-1ubuntu4.5                       all          Apache HTTP Server (common files)
ii  apache2-utils                         2.4.52-1ubuntu4.5                       amd64        Apache HTTP Server (utility programs for web servers)
ii  apparmor                              3.0.4-2ubuntu2.2                        amd64        user-space parser utility for AppArmor
ii  apport                                2.20.11-0ubuntu82.4                     all          automatically generate crash reports for debugging
ii  apport-symptoms                       0.24                                    all          symptom scripts for apport
ii  apt                                   2.4.9                                   amd64        commandline package manager
ii  apt-utils                             2.4.9                                   amd64        package management related utility programs
ii  base-files                            12ubuntu4.3                             amd64        Debian base system miscellaneous files
ii  base-passwd                           3.5.52build1                            amd64        Debian base system master password and group files
ii  bash                                  5.1-6ubuntu1                            amd64        GNU Bourne Again SHell
ii  bash-completion                       1:2.11-5ubuntu1                         all          programmable completion for the bash shell
ii  bc                                    1.07.1-3build1                          amd64        GNU bc arbitrary precision calculator language
ii  bcache-tools                          1.0.8-4ubuntu3                          amd64        bcache userspace tools
ii  bind9-dnsutils                        1:9.18.12-0ubuntu0.22.04.1              amd64        Clients provided with BIND 9
ii  bind9-host                            1:9.18.12-0ubuntu0.22.04.1              amd64        DNS Lookup Utility
ii  bind9-libs:amd64                      1:9.18.12-0ubuntu0.22.04.1              amd64        Shared Libraries used by BIND 9
ii  binutils                              2.38-4ubuntu2.1                         amd64        GNU assembler, linker and binary utilities
ii  binutils-common:amd64                 2.38-4ubuntu2.1                         amd64        Common files for the GNU assembler, linker and binary utilities
ii  binutils-x86-64-linux-gnu             2.38-4ubuntu2.1                         amd64        GNU binary utilities, for x86-64-linux-gnu target
ii  bolt                                  0.9.2-1                                 amd64        system daemon to manage thunderbolt 3 devices
ii  bsd-mailx                             8.1.2-0.20180807cvs-2build2             amd64        simple mail user agent
ii  bsdextrautils                         2.37.2-4ubuntu3                         amd64        extra utilities from 4.4BSD-Lite
ii  bsdutils                              1:2.37.2-4ubuntu3                       amd64        basic utilities from 4.4BSD-Lite
ii  btrfs-progs                           5.16.2-1                                amd64        Checksumming Copy on Write Filesystem utilities
ii  busybox-initramfs                     1:1.30.1-7ubuntu3                       amd64        Standalone shell setup for initramfs
ii  busybox-static                        1:1.30.1-7ubuntu3                       amd64        Standalone rescue shell with tons of builtin utilities
ii  byobu                                 5.133-1                                 all          text window manager, shell multiplexer, integrated DevOps environment
ii  bzip2                                 1.0.8-5build1                           amd64        high-quality block-sorting file compressor - utilities
ii  ca-certificates                       20211016ubuntu0.22.04.1                 all          Common CA certificates
ii  chkrootkit                            0.55-4                                  amd64        rootkit detector
ii  cloud-guest-utils                     0.32-22-g45fe84a5-0ubuntu1              all          cloud guest utilities
ii  cloud-init                            23.1.2-0ubuntu0~22.04.1                 all          initialization and customization tool for cloud instances
ii  cloud-initramfs-copymods              0.47ubuntu1                             all          copy initramfs modules into root filesystem for later use
ii  cloud-initramfs-dyn-netconf           0.47ubuntu1                             all          write a network interface file in /run for BOOTIF
ii  command-not-found                     22.04.0                                 all          Suggest installation of packages in interactive bash sessions
ii  console-setup                         1.205ubuntu3                            all          console font and keymap setup program
ii  console-setup-linux                   1.205ubuntu3                            all          Linux specific part of console-setup
ii  coreutils                             8.32-4.1ubuntu1                         amd64        GNU core utilities
ii  cpio                                  2.13+dfsg-7                             amd64        GNU cpio -- a program to manage archives of files
ii  cron                                  3.0pl1-137ubuntu3                       amd64        process scheduling daemon
ii  cryptsetup                            2:2.4.3-1ubuntu1.1                      amd64        disk encryption support - startup scripts
ii  cryptsetup-bin                        2:2.4.3-1ubuntu1.1                      amd64        disk encryption support - command line tools
ii  cryptsetup-initramfs                  2:2.4.3-1ubuntu1.1                      all          disk encryption support - initramfs integration
ii  curl                                  7.81.0-1ubuntu1.10                      amd64        command line tool for transferring data with URL syntax
ii  dash                                  0.5.11+git20210903+057cd650a4ed-3build1 amd64        POSIX-compliant shell
ii  dbus                                  1.12.20-2ubuntu4.1                      amd64        simple interprocess messaging system (daemon and utilities)
ii  dbus-user-session                     1.12.20-2ubuntu4.1                      amd64        simple interprocess messaging system (systemd --user integration)
ii  debconf                               1.5.79ubuntu1                           all          Debian configuration management system
ii  debconf-i18n                          1.5.79ubuntu1                           all          full internationalization support for debconf
ii  debianutils                           5.5-1ubuntu2                            amd64        Miscellaneous utilities specific to Debian
ii  diffutils                             1:3.8-0ubuntu2                          amd64        File comparison utilities
ii  dirmngr                               2.2.27-3ubuntu2.1                       amd64        GNU privacy guard - network certificate management service
ii  distro-info                           1.1build1                               amd64        provides information about the distributions' releases
ii  distro-info-data                      0.52ubuntu0.3                           all          information about the distributions' releases (data files)
ii  dmeventd                              2:1.02.175-2.1ubuntu4                   amd64        Linux Kernel Device Mapper event daemon
ii  dmidecode                             3.3-3ubuntu0.1                          amd64        SMBIOS/DMI table decoder
ii  dmsetup                               2:1.02.175-2.1ubuntu4                   amd64        Linux Kernel Device Mapper userspace library
ii  dosfstools                            4.2-1build3                             amd64        utilities for making and checking MS-DOS FAT filesystems
ii  dpkg                                  1.21.1ubuntu2.1                         amd64        Debian package management system
ii  e2fsprogs                             1.46.5-2ubuntu1.1                       amd64        ext2/ext3/ext4 file system utilities
ii  eatmydata                             130-2build1                             all          Library and utilities designed to disable fsync and friends
ii  ed                                    1.18-1                                  amd64        classic UNIX line editor
ii  eject                                 2.37.2-4ubuntu3                         amd64        ejects CDs and operates CD-Changers under Linux
ii  ethtool                               1:5.16-1                                amd64        display or change Ethernet device settings
ii  fdisk                                 2.37.2-4ubuntu3                         amd64        collection of partitioning utilities
ii  file                                  1:5.41-3                                amd64        Recognize the type of data in a file using "magic" numbers
ii  finalrd                               9build1                                 all          final runtime directory for shutdown
ii  findutils                             4.8.0-1ubuntu3                          amd64        utilities for finding files--find, xargs
ii  firmware-sof-signed                   2.0-1ubuntu4.1                          all          Intel SOF firmware - signed
ii  fonts-lato                            2.0-2.1                                 all          sans-serif typeface family font
ii  fonts-ubuntu-console                  0.83-6ubuntu1                           all          console version of the Ubuntu Mono font
ii  friendly-recovery                     0.2.42                                  all          Make recovery boot mode more user-friendly
ii  ftp                                   20210827-4build1                        all          dummy transitional package for tnftp
ii  fuse3                                 3.10.5-1build1                          amd64        Filesystem in Userspace (3.x version)
ii  fwupd                                 1.7.9-1~22.04.1                         amd64        Firmware update daemon
ii  fwupd-signed                          1.51~22.04.1+1.2-3ubuntu0.2             amd64        Linux Firmware Updater EFI signed binary
ii  gawk                                  1:5.1.0-1build3                         amd64        GNU awk, a pattern scanning and processing language
ii  gcc-12-base:amd64                     12.1.0-2ubuntu1~22.04                   amd64        GCC, the GNU Compiler Collection (base package)
ii  gdisk                                 1.0.8-4build1                           amd64        GPT fdisk text-mode partitioning tool
ii  gettext-base                          0.21-4ubuntu4                           amd64        GNU Internationalization utilities for the base system
ii  gir1.2-glib-2.0:amd64                 1.72.0-1                                amd64        Introspection data for GLib, GObject, Gio and GModule
ii  gir1.2-packagekitglib-1.0             1.2.5-2ubuntu2                          amd64        GObject introspection data for the PackageKit GLib library
ii  git                                   1:2.34.1-1ubuntu1.8                     amd64        fast, scalable, distributed revision control system
ii  git-man                               1:2.34.1-1ubuntu1.8                     all          fast, scalable, distributed revision control system (manual pages)
ii  gnupg                                 2.2.27-3ubuntu2.1                       all          GNU privacy guard - a free PGP replacement
ii  gnupg-l10n                            2.2.27-3ubuntu2.1                       all          GNU privacy guard - localization files
ii  gnupg-utils                           2.2.27-3ubuntu2.1                       amd64        GNU privacy guard - utility programs
ii  gpg                                   2.2.27-3ubuntu2.1                       amd64        GNU Privacy Guard -- minimalist public key operations
ii  gpg-agent                             2.2.27-3ubuntu2.1                       amd64        GNU privacy guard - cryptographic agent
ii  gpg-wks-client                        2.2.27-3ubuntu2.1                       amd64        GNU privacy guard - Web Key Service client
ii  gpg-wks-server                        2.2.27-3ubuntu2.1                       amd64        GNU privacy guard - Web Key Service server
ii  gpgconf                               2.2.27-3ubuntu2.1                       amd64        GNU privacy guard - core configuration utilities
ii  gpgsm                                 2.2.27-3ubuntu2.1                       amd64        GNU privacy guard - S/MIME version
ii  gpgv                                  2.2.27-3ubuntu2.1                       amd64        GNU privacy guard - signature verification tool
ii  grep                                  3.7-1build1                             amd64        GNU grep, egrep and fgrep
ii  groff-base                            1.22.4-8build1                          amd64        GNU troff text-formatting system (base system components)
ii  grub-common                           2.06-2ubuntu7.1                         amd64        GRand Unified Bootloader (common files)
ii  grub-gfxpayload-lists                 0.7                                     amd64        GRUB gfxpayload blacklist
ii  grub-pc                               2.06-2ubuntu7.1                         amd64        GRand Unified Bootloader, version 2 (PC/BIOS version)
ii  grub-pc-bin                           2.06-2ubuntu7.1                         amd64        GRand Unified Bootloader, version 2 (PC/BIOS modules)
ii  grub2-common                          2.06-2ubuntu7.1                         amd64        GRand Unified Bootloader (common files for version 2)
ii  gzip                                  1.10-4ubuntu4.1                         amd64        GNU compression utilities
ii  hdparm                                9.60+ds-1build3                         amd64        tune hard disk parameters for high performance
ii  hostname                              3.23ubuntu2                             amd64        utility to set/show the host name or domain name
ii  htop                                  3.0.5-7build2                           amd64        interactive processes viewer
ii  info                                  6.8-4build1                             amd64        Standalone GNU Info documentation browser
ii  init                                  1.62                                    amd64        metapackage ensuring an init system is installed
ii  init-system-helpers                   1.62                                    all          helper tools for all init systems
ii  initramfs-tools                       0.140ubuntu13.1                         all          generic modular initramfs generator (automation)
ii  initramfs-tools-bin                   0.140ubuntu13.1                         amd64        binaries used by initramfs-tools
ii  initramfs-tools-core                  0.140ubuntu13.1                         all          generic modular initramfs generator (core tools)
ii  install-info                          6.8-4build1                             amd64        Manage installed documentation in info format
ii  intel-microcode                       3.20230214.0ubuntu0.22.04.1             amd64        Processor microcode firmware for Intel CPUs
ii  iproute2                              5.15.0-1ubuntu2                         amd64        networking and traffic control tools
ii  iptables                              1.8.7-1ubuntu5                          amd64        administration tools for packet filtering and NAT
ii  iputils-ping                          3:20211215-1                            amd64        Tools to test the reachability of network hosts
ii  iputils-tracepath                     3:20211215-1                            amd64        Tools to trace the network path to a remote host
ii  irqbalance                            1.8.0-1build1                           amd64        Daemon to balance interrupts for SMP systems
ii  isc-dhcp-client                       4.4.1-2.3ubuntu2.4                      amd64        DHCP client for automatically obtaining an IP address
ii  isc-dhcp-common                       4.4.1-2.3ubuntu2.4                      amd64        common manpages relevant to all of the isc-dhcp packages
ii  iso-codes                             4.9.0-1                                 all          ISO language, territory, currency, script codes and their translations
ii  iucode-tool                           2.3.1-1build1                           amd64        Intel processor microcode tool
ii  javascript-common                     11+nmu1                                 all          Base support for JavaScript library packages
ii  kbd                                   2.3.0-3ubuntu4.22.04                    amd64        Linux console font and keytable utilities
ii  keyboard-configuration                1.205ubuntu3                            all          system-wide keyboard preferences
ii  klibc-utils                           2.0.10-4                                amd64        small utilities built with klibc for early boot
ii  kmod                                  29-1ubuntu1                             amd64        tools for managing Linux kernel modules
ii  kpartx                                0.8.8-1ubuntu1.22.04.1                  amd64        create device mappings for partitions
ii  landscape-common                      19.12-0ubuntu13                         amd64        Landscape administration system client - Common files
ii  less                                  590-1ubuntu0.22.04.1                    amd64        pager program similar to more
ii  libacl1:amd64                         2.3.1-1                                 amd64        access control list - shared library
ii  libaio1:amd64                         0.3.112-13build1                        amd64        Linux kernel AIO access library - shared library
ii  libapache2-mod-evasive                1.10.1-4                                amd64        evasive module to minimize HTTP DoS or brute force attacks
ii  libapache2-mod-security2              2.9.5-1                                 amd64        Tighten web applications security for Apache
ii  libapparmor1:amd64                    3.0.4-2ubuntu2.2                        amd64        changehat AppArmor library
ii  libappstream4:amd64                   0.15.2-2                                amd64        Library to access AppStream services
ii  libapr1:amd64                         1.7.0-8ubuntu0.22.04.1                  amd64        Apache Portable Runtime Library
ii  libaprutil1:amd64                     1.6.1-5ubuntu4.22.04.1                  amd64        Apache Portable Runtime Utility Library
ii  libaprutil1-dbd-sqlite3:amd64         1.6.1-5ubuntu4.22.04.1                  amd64        Apache Portable Runtime Utility Library - SQLite3 Driver
ii  libaprutil1-ldap:amd64                1.6.1-5ubuntu4.22.04.1                  amd64        Apache Portable Runtime Utility Library - LDAP Driver
ii  libapt-pkg6.0:amd64                   2.4.9                                   amd64        package management runtime library
ii  libarchive13:amd64                    3.6.0-1ubuntu1                          amd64        Multi-format archive and compression library (shared library)
ii  libargon2-1:amd64                     0~20171227-0.3                          amd64        memory-hard hashing function - runtime library
ii  libassuan0:amd64                      2.5.5-1build1                           amd64        IPC library for the GnuPG components
ii  libatasmart4:amd64                    0.19-5build2                            amd64        ATA S.M.A.R.T. reading and parsing library
ii  libatm1:amd64                         1:2.5.1-4build2                         amd64        shared library for ATM (Asynchronous Transfer Mode)
ii  libattr1:amd64                        1:2.5.1-1build1                         amd64        extended attribute handling - shared library
ii  libaudit-common                       1:3.0.7-1build1                         all          Dynamic library for security auditing - common files
ii  libaudit1:amd64                       1:3.0.7-1build1                         amd64        Dynamic library for security auditing
ii  libbinutils:amd64                     2.38-4ubuntu2.1                         amd64        GNU binary utilities (private shared library)
ii  libblas3:amd64                        3.10.0-2ubuntu1                         amd64        Basic Linear Algebra Reference implementations, shared library
ii  libblkid1:amd64                       2.37.2-4ubuntu3                         amd64        block device ID library
ii  libblockdev-crypto2:amd64             2.26-1                                  amd64        Crypto plugin for libblockdev
ii  libblockdev-fs2:amd64                 2.26-1                                  amd64        file system plugin for libblockdev
ii  libblockdev-loop2:amd64               2.26-1                                  amd64        Loop device plugin for libblockdev
ii  libblockdev-part-err2:amd64           2.26-1                                  amd64        Partition error utility functions for libblockdev
ii  libblockdev-part2:amd64               2.26-1                                  amd64        Partitioning plugin for libblockdev
ii  libblockdev-swap2:amd64               2.26-1                                  amd64        Swap plugin for libblockdev
ii  libblockdev-utils2:amd64              2.26-1                                  amd64        Utility functions for libblockdev
ii  libblockdev2:amd64                    2.26-1                                  amd64        Library for manipulating block devices
ii  libbpf0:amd64                         1:0.5.0-1ubuntu22.04.1                  amd64        eBPF helper library (shared library)
ii  libbrotli1:amd64                      1.0.9-2build6                           amd64        library implementing brotli encoder and decoder (shared libraries)
ii  libbsd0:amd64                         0.11.5-1                                amd64        utility functions from BSD systems - shared library
ii  libbz2-1.0:amd64                      1.0.8-5build1                           amd64        high-quality block-sorting file compressor library - runtime
ii  libc-bin                              2.35-0ubuntu3.1                         amd64        GNU C Library: Binaries
ii  libc6:amd64                           2.35-0ubuntu3.1                         amd64        GNU C Library: Shared libraries
ii  libcap-ng0:amd64                      0.7.9-2.2build3                         amd64        An alternate POSIX capabilities library
ii  libcap2:amd64                         1:2.44-1build3                          amd64        POSIX 1003.1e capabilities (library)
ii  libcap2-bin                           1:2.44-1build3                          amd64        POSIX 1003.1e capabilities (utilities)
ii  libcbor0.8:amd64                      0.8.0-2ubuntu1                          amd64        library for parsing and generating CBOR (RFC 7049)
ii  libcgi-fast-perl                      1:2.15-1                                all          CGI subclass for work with FCGI
ii  libcgi-pm-perl                        4.54-1                                  all          module for Common Gateway Interface applications
ii  libclone-perl                         0.45-1build3                            amd64        module for recursively copying Perl datatypes
ii  libcom-err2:amd64                     1.46.5-2ubuntu1.1                       amd64        common error description library
ii  libcrypt1:amd64                       1:4.4.27-1                              amd64        libcrypt shared library
ii  libcryptsetup12:amd64                 2:2.4.3-1ubuntu1.1                      amd64        disk encryption support - shared library
ii  libctf-nobfd0:amd64                   2.38-4ubuntu2.1                         amd64        Compact C Type Format library (runtime, no BFD dependency)
ii  libctf0:amd64                         2.38-4ubuntu2.1                         amd64        Compact C Type Format library (runtime, BFD dependency)
ii  libcurl3-gnutls:amd64                 7.81.0-1ubuntu1.10                      amd64        easy-to-use client-side URL transfer library (GnuTLS flavour)
ii  libcurl4:amd64                        7.81.0-1ubuntu1.10                      amd64        easy-to-use client-side URL transfer library (OpenSSL flavour)
ii  libdate-manip-perl                    6.86-1                                  all          module for manipulating dates
ii  libdb5.3:amd64                        5.3.28+dfsg1-0.8ubuntu3                 amd64        Berkeley v5.3 Database Libraries [runtime]
ii  libdbus-1-3:amd64                     1.12.20-2ubuntu4.1                      amd64        simple interprocess messaging system (library)
ii  libdbus-glib-1-2:amd64                0.112-2build1                           amd64        deprecated library for D-Bus IPC
ii  libdebconfclient0:amd64               0.261ubuntu1                            amd64        Debian Configuration Management System (C-implementation library)
ii  libdevmapper-event1.02.1:amd64        2:1.02.175-2.1ubuntu4                   amd64        Linux Kernel Device Mapper event support library
ii  libdevmapper1.02.1:amd64              2:1.02.175-2.1ubuntu4                   amd64        Linux Kernel Device Mapper userspace library
ii  libdns-export1110                     1:9.11.19+dfsg-2.1ubuntu3               amd64        Exported DNS Shared Library
ii  libdrm-common                         2.4.113-2~ubuntu0.22.04.1               all          Userspace interface to kernel DRM services -- common files
ii  libdrm2:amd64                         2.4.113-2~ubuntu0.22.04.1               amd64        Userspace interface to kernel DRM services -- runtime
ii  libdw1:amd64                          0.186-1build1                           amd64        library that provides access to the DWARF debug information
ii  libeatmydata1:amd64                   130-2build1                             amd64        Library and utilities to disable fsync and friends - shared library
ii  libedit2:amd64                        3.1-20210910-1build1                    amd64        BSD editline and history libraries
ii  libefiboot1:amd64                     37-6ubuntu2                             amd64        Library to manage UEFI variables
ii  libefivar1:amd64                      37-6ubuntu2                             amd64        Library to manage UEFI variables
ii  libelf1:amd64                         0.186-1build1                           amd64        library to read and write ELF files
ii  libencode-locale-perl                 1.05-1.1                                all          utility to determine the locale encoding
ii  liberror-perl                         0.17029-1                               all          Perl module for error/exception handling in an OO-ish way
ii  libestr0:amd64                        0.1.10-2.1build3                        amd64        Helper functions for handling strings (lib)
ii  libevdev2:amd64                       1.12.1+dfsg-1                           amd64        wrapper library for evdev devices
ii  libevent-core-2.1-7:amd64             2.1.12-stable-1build3                   amd64        Asynchronous event notification library (core)
ii  libevent-pthreads-2.1-7:amd64         2.1.12-stable-1build3                   amd64        Asynchronous event notification library (pthreads)
ii  libexpat1:amd64                       2.4.7-1ubuntu0.2                        amd64        XML parsing C library - runtime library
ii  libext2fs2:amd64                      1.46.5-2ubuntu1.1                       amd64        ext2/ext3/ext4 file system libraries
ii  libfastjson4:amd64                    0.99.9-1build2                          amd64        fast json library for C
ii  libfcgi-bin                           2.4.2-2build2                           amd64        FastCGI bridge from CGI
ii  libfcgi-perl:amd64                    0.82+ds-1build1                         amd64        helper module for FastCGI
ii  libfcgi0ldbl:amd64                    2.4.2-2build2                           amd64        shared library of FastCGI
ii  libfdisk1:amd64                       2.37.2-4ubuntu3                         amd64        fdisk partitioning library
ii  libffi8:amd64                         3.4.2-4                                 amd64        Foreign Function Interface library runtime
ii  libfido2-1:amd64                      1.10.0-1                                amd64        library for generating and verifying FIDO 2.0 objects
ii  libfreetype6:amd64                    2.11.1+dfsg-1ubuntu0.1                  amd64        FreeType 2 font engine, shared library files
ii  libfribidi0:amd64                     1.0.8-2ubuntu3.1                        amd64        Free Implementation of the Unicode BiDi algorithm
ii  libfuse3-3:amd64                      3.10.5-1build1                          amd64        Filesystem in Userspace (library) (3.x version)
ii  libfwupd2:amd64                       1.7.9-1~22.04.1                         amd64        Firmware update daemon library
ii  libfwupdplugin5:amd64                 1.7.9-1~22.04.1                         amd64        Firmware update daemon plugin library
ii  libgcab-1.0-0:amd64                   1.4-3build2                             amd64        Microsoft Cabinet file manipulation library
ii  libgcc-s1:amd64                       12.1.0-2ubuntu1~22.04                   amd64        GCC support library
ii  libgcrypt20:amd64                     1.9.4-3ubuntu3                          amd64        LGPL Crypto library - runtime library
ii  libgdbm-compat4:amd64                 1.23-1                                  amd64        GNU dbm database routines (legacy support runtime version) 
ii  libgdbm6:amd64                        1.23-1                                  amd64        GNU dbm database routines (runtime version) 
ii  libgirepository-1.0-1:amd64           1.72.0-1                                amd64        Library for handling GObject introspection data (runtime library)
ii  libglib2.0-0:amd64                    2.72.1-1                                amd64        GLib library of C routines
ii  libglib2.0-bin                        2.72.1-1                                amd64        Programs for the GLib library
ii  libglib2.0-data                       2.72.1-1                                all          Common files for GLib library
ii  libgmp10:amd64                        2:6.2.1+dfsg-3ubuntu1                   amd64        Multiprecision arithmetic library
ii  libgnutls30:amd64                     3.7.3-4ubuntu1.2                        amd64        GNU TLS library - main runtime library
ii  libgpg-error0:amd64                   1.43-3                                  amd64        GnuPG development runtime library
ii  libgpgme11:amd64                      1.16.0-1.2ubuntu4                       amd64        GPGME - GnuPG Made Easy (library)
ii  libgpm2:amd64                         1.20.7-10build1                         amd64        General Purpose Mouse - shared library
ii  libgssapi-krb5-2:amd64                1.19.2-2ubuntu0.1                       amd64        MIT Kerberos runtime libraries - krb5 GSS-API Mechanism
ii  libgstreamer1.0-0:amd64               1.20.3-0ubuntu1                         amd64        Core GStreamer libraries and elements
ii  libgudev-1.0-0:amd64                  1:237-2build1                           amd64        GObject-based wrapper library for libudev
ii  libgusb2:amd64                        0.3.10-1                                amd64        GLib wrapper around libusb1
ii  libhogweed6:amd64                     3.7.3-1build2                           amd64        low level cryptographic library (public-key cryptos)
ii  libhtml-parser-perl:amd64             3.76-1build2                            amd64        collection of modules that parse HTML text documents
ii  libhtml-tagset-perl                   3.20-4                                  all          data tables pertaining to HTML
ii  libhtml-template-perl                 2.97-1.1                                all          module for using HTML templates with Perl
ii  libhttp-date-perl                     6.05-1                                  all          module of date conversion routines
ii  libhttp-message-perl                  6.36-1                                  all          perl interface to HTTP style messages
ii  libicu70:amd64                        70.1-2                                  amd64        International Components for Unicode
ii  libidn2-0:amd64                       2.3.2-2build1                           amd64        Internationalized domain names (IDNA2008/TR46) library
ii  libimobiledevice6:amd64               1.3.0-6build3                           amd64        Library for communicating with iPhone and other Apple devices
ii  libinih1:amd64                        53-1ubuntu3                             amd64        simple .INI file parser
ii  libintl-perl                          1.26-3build2                            all          Uniforum message translations system compatible i18n library
ii  libintl-xs-perl                       1.26-3build2                            amd64        XS Uniforum message translations system compatible i18n library
ii  libio-html-perl                       1.004-2                                 all          open an HTML file with automatic charset detection
ii  libip4tc2:amd64                       1.8.7-1ubuntu5                          amd64        netfilter libip4tc library
ii  libip6tc2:amd64                       1.8.7-1ubuntu5                          amd64        netfilter libip6tc library
ii  libisc-export1105:amd64               1:9.11.19+dfsg-2.1ubuntu3               amd64        Exported ISC Shared Library
ii  libisns0:amd64                        0.101-0ubuntu2                          amd64        Internet Storage Name Service - shared libraries
ii  libjansson4:amd64                     2.13.1-1.1build3                        amd64        C library for encoding, decoding and manipulating JSON data
ii  libjcat1:amd64                        0.1.9-1                                 amd64        JSON catalog library
ii  libjs-jquery                          3.6.0+dfsg+~3.5.13-1                    all          JavaScript library for dynamic web applications
ii  libjson-c5:amd64                      0.15-3~ubuntu1.22.04.1                  amd64        JSON manipulation library - shared library
ii  libjson-glib-1.0-0:amd64              1.6.6-1build1                           amd64        GLib JSON manipulation library
ii  libjson-glib-1.0-common               1.6.6-1build1                           all          GLib JSON manipulation library (common files)
ii  libk5crypto3:amd64                    1.19.2-2ubuntu0.1                       amd64        MIT Kerberos runtime libraries - Crypto Library
ii  libkeyutils1:amd64                    1.6.1-2ubuntu3                          amd64        Linux Key Management Utilities (library)
ii  libklibc:amd64                        2.0.10-4                                amd64        minimal libc subset for use with initramfs
ii  libkmod2:amd64                        29-1ubuntu1                             amd64        libkmod shared library
ii  libkrb5-3:amd64                       1.19.2-2ubuntu0.1                       amd64        MIT Kerberos runtime libraries
ii  libkrb5support0:amd64                 1.19.2-2ubuntu0.1                       amd64        MIT Kerberos runtime libraries - Support library
